Microchip MPLAB XC8 Compiler V1.21 ()

Linker command line:

-W-3 --edf=/opt/microchip/xc8/v1.21/dat/en_msgs.txt -cs \
  -h+dist/default/production/NRF24P18F4xxxRx.X.production.sym \
  --cmf=dist/default/production/NRF24P18F4xxxRx.X.production.cmf -z \
  -Q18F4520 -o/tmp/cgtZ25HZi \
  -Mdist/default/production/NRF24P18F4xxxRx.X.production.map -E1 -ver=XC8 \
  -ACODE=00h-07FFFh -ACONST=00h-07FFFh -ASMALLCONST=0600h-06FFhx122 \
  -AMEDIUMCONST=0600h-07FFFh -ACOMRAM=01h-07Fh -AABS1=00h-05FFh \
  -ABIGRAM=01h-05FFh -ARAM=080h-0FFh,0100h-01FFhx5 -ABANK0=080h-0FFh \
  -ABANK1=0100h-01FFh -ABANK2=0200h-02FFh -ABANK3=0300h-03FFh \
  -ABANK4=0400h-04FFh -ABANK5=0500h-05FFh -ASFR=0F80h-0FFFh \
  -preset_vec=00h,intcode,intcodelo,powerup,init,end_init -pramtop=0600h \
  -psmallconst=SMALLCONST -pmediumconst=MEDIUMCONST -pconst=CONST \
  -AFARRAM=00h-00h -ACONFIG=0300000h-030000Dh -pconfig=CONFIG \
  -AIDLOC=0200000h-0200007h -pidloc=IDLOC -AEEDATA=0F00000h-0F000FFh \
  -peeprom_data=EEDATA \
  -prdata=COMRAM,nvrram=COMRAM,nvbit=COMRAM,rbss=COMRAM,rbit=COMRAM \
  -pfarbss=FARRAM,fardata=FARRAM,nvFARRAM=FARRAM \
  -pintsave_regs=BIGRAM,bigbss=BIGRAM,bigdata=BIGRAM -pbss=RAM \
  -pidata=CODE,irdata=CODE,ibigdata=CODE,ifardata=CODE /tmp/cgtvL7APL.obj \
  dist/default/production/NRF24P18F4xxxRx.X.production.obj 

Object code version is 3.11

Machine type is 18F4520

Call graph: (short form)




                Name                               Link     Load   Length Selector   Space Scale
/tmp/cgtvL7APL.obj
                end_init                              0        0        4        0       0
                idloc                            200000   200000        8   200000       0
                config                           300000   300000        E   300000       0
dist/default/production/NRF24P18F4xxxRx.X.production.obj
                smallconst                          600      600       26      300       0
                text19                              A4E      A4E       12      313       0
                text18                              A7A      A7A        C      313       0
                text17                              84A      84A       4C      313       0
                text16                              A8C      A8C        4      546       0
                text15                              A28      A28       14      313       0
                text14                              A60      A60        E      313       0
                text13                              90C      90C       36      313       0
                text12                              99A      99A       24      313       0
                text11                              9FA      9FA       18      313       0
                text10                              A3C      A3C       12      313       0
                text9                               9BE      9BE       22      313       0
                text8                               7F0      7F0       5A      313       0
                text7                               626      626      10E      313       0
                text6                               A6E      A6E        C      313       0
                text5                               A12      A12       16      313       0
                text4                               9E0      9E0       1A      313       0
                text3                               896      896       40      313       0
                text2                               8D6      8D6       36      313       0
                text1                               942      942       2E      313       0
                text0                               734      734       BC      313       0
                cstackCOMRAM                          1        1       4F        1       1
                dataCOMRAM                           50       50        5        1       1
                cinit                               970      970       2A      313       0
                idataCOMRAM                         A86      A86        5      313       0

TOTAL           Name                               Link     Load   Length     Space
        CLASS   CODE           
                end_init                              0        0        4         0
                text19                              A4E      A4E       12         0
                text18                              A7A      A7A        C         0
                text17                              84A      84A       4C         0
                text16                              A8C      A8C        4         0
                text15                              A28      A28       14         0
                text14                              A60      A60        E         0
                text13                              90C      90C       36         0
                text12                              99A      99A       24         0
                text11                              9FA      9FA       18         0
                text10                              A3C      A3C       12         0
                text9                               9BE      9BE       22         0
                text8                               7F0      7F0       5A         0
                text7                               626      626      10E         0
                text6                               A6E      A6E        C         0
                text5                               A12      A12       16         0
                text4                               9E0      9E0       1A         0
                text3                               896      896       40         0
                text2                               8D6      8D6       36         0
                text1                               942      942       2E         0
                text0                               734      734       BC         0
                cinit                               970      970       2A         0
                idataCOMRAM                         A86      A86        5         0

        CLASS   CONST          

        CLASS   SMALLCONST     
                smallconst                          600      600       26         0

        CLASS   MEDIUMCONST    

        CLASS   COMRAM         
                cstackCOMRAM                          1        1       4F         1
                dataCOMRAM                           50       50        5         1

        CLASS   ABS1           

        CLASS   BIGRAM         

        CLASS   RAM            

        CLASS   BANK0          

        CLASS   BANK1          

        CLASS   BANK2          

        CLASS   BANK3          

        CLASS   BANK4          

        CLASS   BANK5          

        CLASS   SFR            

        CLASS   FARRAM         

        CLASS   CONFIG         
                config                           300000   300000        E         0

        CLASS   IDLOC          
                idloc                            200000   200000        8         0

        CLASS   EEDATA         



SEGMENTS        Name                           Load    Length   Top    Selector   Space  Class

                reset_vec                      000000  000004  000004         0       0  CODE    
                cstackCOMRAM                   000001  000054  000055         1       1  COMRAM  
                smallconst                     000600  000026  000626       300       0  SMALLCON
                text7                          000626  000465  000A8B       313       0  CODE    
                text16                         000A8C  000004  000A90       546       0  CODE    
                idloc                          200000  000008  200008    200000       0  IDLOC   
                config                         300000  00000E  30000E    300000       0  CONFIG  


UNUSED ADDRESS RANGES

        Name                Unused          Largest block    Delta
        BANK0            000080-0000FF               80
        BANK1            000100-0001FF              100
        BANK2            000200-0002FF              100
        BANK3            000300-0003FF              100
        BANK4            000400-0004FF              100
        BANK5            000500-0005FF              100
        BIGRAM           000055-0005FF              5AB
        CODE             000004-0005FF              5FC
                         000A8B-000A8B                1
                         000A90-007FFF             7570
        COMRAM           000055-00007F               2B
        CONST            000004-0005FF              5FC
                         000A8B-000A8B                1
                         000A90-007FFF             7570
        EEDATA           F00000-F000FF              100
        MEDIUMCONST      000A8B-000A8B                1
                         000A90-007FFF             7570
        RAM              000080-0005FF              100
        SFR              000F80-000FFF               80
        SMALLCONST       000A8B-000A8B                1
                         000A90-007FFF              100

                                  Symbol Table

?_Delay_ms                       cstackCOMRAM 000001
?_NRF24L01_Init                  cstackCOMRAM 000008
?_NRF24L01_ReadBuffer            cstackCOMRAM 000002
?_NRF24L01_ReadData              cstackCOMRAM 000008
?_NRF24L01_ReadRegister          cstackCOMRAM 000002
?_NRF24L01_SetChannel            cstackCOMRAM 000004
?_NRF24L01_SetMode               cstackCOMRAM 000004
?_NRF24L01_WriteBuffer           cstackCOMRAM 000002
?_NRF24L01_WriteRegister         cstackCOMRAM 000002
?_SPI_Write                      cstackCOMRAM 000001
?_UARTPutChar                    cstackCOMRAM 000001
?_UART_String                    cstackCOMRAM 000002
?_strcpy                         cstackCOMRAM 000001
Delay_ms@count                   cstackCOMRAM 000001
Delay_ms@i                       cstackCOMRAM 000003
NRF24L01_Init@mode               cstackCOMRAM 000008
NRF24L01_Init@rf_channel         cstackCOMRAM 000009
NRF24L01_ReadBuffer@buffer       cstackCOMRAM 000003
NRF24L01_ReadBuffer@bytes        cstackCOMRAM 000005
NRF24L01_ReadBuffer@data         cstackCOMRAM 000002
NRF24L01_ReadBuffer@i            cstackCOMRAM 000007
NRF24L01_ReadData@buffer         cstackCOMRAM 000008
NRF24L01_ReadRegister@Mnemonic   cstackCOMRAM 000002
NRF24L01_ReadRegister@byte0      cstackCOMRAM 000003
NRF24L01_SetChannel@rf_channel   cstackCOMRAM 000004
NRF24L01_SetMode@mode            cstackCOMRAM 000004
NRF24L01_WriteBuffer@buffer      cstackCOMRAM 000003
NRF24L01_WriteBuffer@bytes       cstackCOMRAM 000005
NRF24L01_WriteBuffer@data        cstackCOMRAM 000002
NRF24L01_WriteBuffer@i           cstackCOMRAM 000007
NRF24L01_WriteRegister@Mnemonic  cstackCOMRAM 000002
NRF24L01_WriteRegister@value     cstackCOMRAM 000003
SPI_Write@data                   cstackCOMRAM 000001
UARTPutChar@Dato                 cstackCOMRAM 000001
UART_String@_string              cstackCOMRAM 000002
_ADDRESS_DATA_PIPE0              dataCOMRAM   000050
_BAUDCONbits                     (abs)        000FB8
_Delay_ms                        text12       00099A
_LATCbits                        (abs)        000F8B
_NRF24L01_DataReady              text4        0009E0
_NRF24L01_Flush                  text9        0009BE
_NRF24L01_Init                   text7        000626
_NRF24L01_ReadBuffer             text3        000896
_NRF24L01_ReadData               text2        0008D6
_NRF24L01_ReadRegister           text5        000A12
_NRF24L01_SetChannel             text10       000A3C
_NRF24L01_SetMode                text8        0007F0
_NRF24L01_WriteBuffer            text13       00090C
_NRF24L01_WriteRegister          text11       0009FA
_OSCCON                          (abs)        000FD3
_OSCTUNEbits                     (abs)        000F9B
_PIR1bits                        (abs)        000F9E
_PORTA                           (abs)        000F80
_PORTB                           (abs)        000F81
_PORTC                           (abs)        000F82
_PORTD                           (abs)        000F83
_PORTE                           (abs)        000F84
_RCSTAbits                       (abs)        000FAB
_SPBRG                           (abs)        000FAF
_SPI1_Read                       text6        000A6E
_SPI_Close                       text16       000A8C
_SPI_Init                        text15       000A28
_SPI_Write                       text14       000A60
_SSPBUF                          (abs)        000FC9
_SSPCON1                         (abs)        000FC6
_SSPCON1bits                     (abs)        000FC6
_SSPSTAT                         (abs)        000FC7
_SSPSTATbits                     (abs)        000FC7
_TRISA                           (abs)        000F92
_TRISAbits                       (abs)        000F92
_TRISB                           (abs)        000F93
_TRISC                           (abs)        000F94
_TRISCbits                       (abs)        000F94
_TRISD                           (abs)        000F95
_TRISE                           (abs)        000F96
_TXREG                           (abs)        000FAD
_TXSTA                           (abs)        000FAC
_TXSTAbits                       (abs)        000FAC
_UARTInit                        text19       000A4E
_UARTPutChar                     text18       000A7A
_UART_String                     text17       00084A
__CFG_BOREN$OFF                  (abs)        000000
__CFG_BORV$0                     (abs)        000000
__CFG_CCP2MX$PORTC               (abs)        000000
__CFG_CP0$OFF                    (abs)        000000
__CFG_CP1$OFF                    (abs)        000000
__CFG_CP2$OFF                    (abs)        000000
__CFG_CP3$OFF                    (abs)        000000
__CFG_CPB$OFF                    (abs)        000000
__CFG_CPD$OFF                    (abs)        000000
__CFG_EBTR0$OFF                  (abs)        000000
__CFG_EBTR1$OFF                  (abs)        000000
__CFG_EBTR2$OFF                  (abs)        000000
__CFG_EBTR3$OFF                  (abs)        000000
__CFG_EBTRB$OFF                  (abs)        000000
__CFG_FCMEN$OFF                  (abs)        000000
__CFG_IESO$OFF                   (abs)        000000
__CFG_LPT1OSC$OFF                (abs)        000000
__CFG_LVP$OFF                    (abs)        000000
__CFG_MCLRE$ON                   (abs)        000000
__CFG_OSC$XT                     (abs)        000000
__CFG_PBADEN$OFF                 (abs)        000000
__CFG_PWRT$OFF                   (abs)        000000
__CFG_STVREN$ON                  (abs)        000000
__CFG_WDT$OFF                    (abs)        000000
__CFG_WDTPS$32768                (abs)        000000
__CFG_WRT0$OFF                   (abs)        000000
__CFG_WRT1$OFF                   (abs)        000000
__CFG_WRT2$OFF                   (abs)        000000
__CFG_WRT3$OFF                   (abs)        000000
__CFG_WRTB$OFF                   (abs)        000000
__CFG_WRTC$OFF                   (abs)        000000
__CFG_WRTD$OFF                   (abs)        000000
__CFG_XINST$OFF                  (abs)        000000
__HRAM                           (abs)        000000
__Habs1                          abs1         000000
__Hbank0                         bank0        000000
__Hbank1                         bank1        000000
__Hbank2                         bank2        000000
__Hbank3                         bank3        000000
__Hbank4                         bank4        000000
__Hbank5                         bank5        000000
__Hbigbss                        bigbss       000000
__Hbigdata                       bigdata      000000
__Hbigram                        bigram       000000
__Hbss                           bss          000000
__Hcinit                         cinit        000000
__Hclrtext                       clrtext      000000
__Hcomram                        comram       000000
__Hconfig                        config       30000E
__Hconst                         const        000000
__HcstackCOMRAM                  cstackCOMRAM 000000
__Hdata                          data         000000
__HdataCOMRAM                    dataCOMRAM   000000
__Heeprom_data                   eeprom_data  000000
__Hend_init                      end_init     000004
__Hfarbss                        farbss       000000
__Hfardata                       fardata      000000
__Hibigdata                      ibigdata     000000
__Hidata                         idata        000000
__HidataCOMRAM                   idataCOMRAM  000000
__Hidloc                         idloc        200008
__Hifardata                      ifardata     000000
__Hinit                          init         000000
__Hintcode                       intcode      000000
__Hintcode_body                  intcode_body 000000
__Hintcodelo                     intcodelo    000000
__Hintentry                      intentry     000000
__Hintret                        intret       000000
__Hintsave_regs                  intsave_regs 000000
__Hirdata                        irdata       000000
__Hmediumconst                   mediumconst  000000
__HnvFARRAM                      nvFARRAM     000000
__Hnvbit                         nvbit        000000
__Hnvrram                        nvrram       000000
__Hparam                         rparam       000000
__Hpowerup                       powerup      000000
__Hram                           ram          000000
__Hramtop                        ramtop       000600
__Hrbit                          rbit         000000
__Hrbss                          rbss         000000
__Hrdata                         rdata        000000
__Hreset_vec                     reset_vec    000000
__Hrparam                        rparam       000000
__Hsfr                           sfr          000000
__Hsmallconst                    smallconst   000626
__Hstruct                        struct       000000
__Htemp                          temp         000000
__Htext                          text         000000
__Htext0                         text0        000000
__Htext1                         text1        000000
__Htext10                        text10       000000
__Htext11                        text11       000000
__Htext12                        text12       000000
__Htext13                        text13       000000
__Htext14                        text14       000000
__Htext15                        text15       000000
__Htext16                        text16       000000
__Htext17                        text17       000000
__Htext18                        text18       000000
__Htext19                        text19       000000
__Htext2                         text2        000000
__Htext3                         text3        000000
__Htext4                         text4        000000
__Htext5                         text5        000000
__Htext6                         text6        000000
__Htext7                         text7        000000
__Htext8                         text8        000000
__Htext9                         text9        000000
__LRAM                           (abs)        000001
__Labs1                          abs1         000000
__Lbank0                         bank0        000000
__Lbank1                         bank1        000000
__Lbank2                         bank2        000000
__Lbank3                         bank3        000000
__Lbank4                         bank4        000000
__Lbank5                         bank5        000000
__Lbigbss                        bigbss       000000
__Lbigdata                       bigdata      000000
__Lbigram                        bigram       000000
__Lbss                           bss          000000
__Lcinit                         cinit        000000
__Lclrtext                       clrtext      000000
__Lcomram                        comram       000000
__Lconfig                        config       300000
__Lconst                         const        000000
__LcstackCOMRAM                  cstackCOMRAM 000000
__Ldata                          data         000000
__LdataCOMRAM                    dataCOMRAM   000000
__Leeprom_data                   eeprom_data  000000
__Lend_init                      end_init     000000
__Lfarbss                        farbss       000000
__Lfardata                       fardata      000000
__Libigdata                      ibigdata     000000
__Lidata                         idata        000000
__LidataCOMRAM                   idataCOMRAM  000000
__Lidloc                         idloc        200000
__Lifardata                      ifardata     000000
__Linit                          init         000000
__Lintcode                       intcode      000000
__Lintcode_body                  intcode_body 000000
__Lintcodelo                     intcodelo    000000
__Lintentry                      intentry     000000
__Lintret                        intret       000000
__Lintsave_regs                  intsave_regs 000000
__Lirdata                        irdata       000000
__Lmediumconst                   mediumconst  000000
__LnvFARRAM                      nvFARRAM     000000
__Lnvbit                         nvbit        000000
__Lnvrram                        nvrram       000000
__Lparam                         rparam       000000
__Lpowerup                       powerup      000000
__Lram                           ram          000000
__Lramtop                        ramtop       000600
__Lrbit                          rbit         000000
__Lrbss                          rbss         000000
__Lrdata                         rdata        000000
__Lreset_vec                     reset_vec    000000
__Lrparam                        rparam       000000
__Lsfr                           sfr          000000
__Lsmallconst                    smallconst   000600
__Lstruct                        struct       000000
__Ltemp                          temp         000000
__Ltext                          text         000000
__Ltext0                         text0        000000
__Ltext1                         text1        000000
__Ltext10                        text10       000000
__Ltext11                        text11       000000
__Ltext12                        text12       000000
__Ltext13                        text13       000000
__Ltext14                        text14       000000
__Ltext15                        text15       000000
__Ltext16                        text16       000000
__Ltext17                        text17       000000
__Ltext18                        text18       000000
__Ltext19                        text19       000000
__Ltext2                         text2        000000
__Ltext3                         text3        000000
__Ltext4                         text4        000000
__Ltext5                         text5        000000
__Ltext6                         text6        000000
__Ltext7                         text7        000000
__Ltext8                         text8        000000
__Ltext9                         text9        000000
__S0                             (abs)        30000E
__S1                             (abs)        000055
__accesstop                      (abs)        000080
__activetblptr                   (abs)        000002
__end_of_Delay_ms                text12       0009BE
__end_of_NRF24L01_DataReady      text4        0009FA
__end_of_NRF24L01_Flush          text9        0009E0
__end_of_NRF24L01_Init           text7        000734
__end_of_NRF24L01_ReadBuffer     text3        0008D6
__end_of_NRF24L01_ReadData       text2        00090C
__end_of_NRF24L01_ReadRegister   text5        000A28
__end_of_NRF24L01_SetChannel     text10       000A4E
__end_of_NRF24L01_SetMode        text8        00084A
__end_of_NRF24L01_WriteBuffer    text13       000942
__end_of_NRF24L01_WriteRegister  text11       000A12
__end_of_SPI1_Read               text6        000A7A
__end_of_SPI_Close               text16       000A90
__end_of_SPI_Init                text15       000A3C
__end_of_SPI_Write               text14       000A6E
__end_of_UARTInit                text19       000A60
__end_of_UARTPutChar             text18       000A86
__end_of_UART_String             text17       000896
__end_of__initialization         cinit        000990
__end_of__stringdata             smallconst   000624
__end_of_main                    text0        0007F0
__end_of_strcpy                  text1        000970
__initialization                 cinit        000970
__mediumconst                    mediumconst  000000
__pcinit                         cinit        000970
__pcstackCOMRAM                  cstackCOMRAM 000001
__pdataCOMRAM                    dataCOMRAM   000050
__pidataCOMRAM                   idataCOMRAM  000A86
__psmallconst                    smallconst   000600
__ptext0                         text0        000734
__ptext1                         text1        000942
__ptext10                        text10       000A3C
__ptext11                        text11       0009FA
__ptext12                        text12       00099A
__ptext13                        text13       00090C
__ptext14                        text14       000A60
__ptext15                        text15       000A28
__ptext16                        text16       000A8C
__ptext17                        text17       00084A
__ptext18                        text18       000A7A
__ptext19                        text19       000A4E
__ptext2                         text2        0008D6
__ptext3                         text3        000896
__ptext4                         text4        0009E0
__ptext5                         text5        000A12
__ptext6                         text6        000A6E
__ptext7                         text7        000626
__ptext8                         text8        0007F0
__ptext9                         text9        0009BE
__ramtop                         ramtop       000600
__size_of_Delay_ms               (abs)        000000
__size_of_NRF24L01_DataReady     (abs)        000000
__size_of_NRF24L01_Flush         (abs)        000000
__size_of_NRF24L01_Init          (abs)        000000
__size_of_NRF24L01_ReadBuffer    (abs)        000000
__size_of_NRF24L01_ReadData      (abs)        000000
__size_of_NRF24L01_ReadRegister  (abs)        000000
__size_of_NRF24L01_SetChannel    (abs)        000000
__size_of_NRF24L01_SetMode       (abs)        000000
__size_of_NRF24L01_WriteBuffer   (abs)        000000
__size_of_NRF24L01_WriteRegister (abs)        000000
__size_of_SPI1_Read              (abs)        000000
__size_of_SPI_Close              (abs)        000000
__size_of_SPI_Init               (abs)        000000
__size_of_SPI_Write              (abs)        000000
__size_of_UARTInit               (abs)        000000
__size_of_UARTPutChar            (abs)        000000
__size_of_UART_String            (abs)        000000
__size_of_main                   (abs)        000000
__size_of_strcpy                 (abs)        000000
__smallconst                     smallconst   000600
__stringdata                     smallconst   000600
_main                            text0        000734
_strcpy                          text1        000942
end_of_initialization            cinit        000990
intlevel0                        text         000000
intlevel1                        text         000000
intlevel2                        text         000000
intlevel3                        text         000000
main@bufferRX                    cstackCOMRAM 000030
main@bufferRX_TMP                cstackCOMRAM 000010
start                            init         000000
start_initialization             cinit        000970
strcpy@cp                        cstackCOMRAM 000005
strcpy@from                      cstackCOMRAM 000003
strcpy@to                        cstackCOMRAM 000001


FUNCTION INFORMATION:

 *************** function _main *****************
 Defined at:
		line 37 in file "main.c"
 Parameters:    Size  Location     Type
		None
 Auto vars:     Size  Location     Type
  bufferRX       32   47[COMRAM] unsigned char [32]
  bufferRX_TMP   32   15[COMRAM] unsigned char [32]
 Return value:  Size  Location     Type
		None               void
 Registers used:
		wreg, fsr0l, fsr0h, fsr1l, fsr1h, fsr2l, fsr2h, status,2, status,0, tblptrl, tblptrh, tblptru, cstack
 Tracked objects:
		On entry : 
		On exit  : 
		Unchanged: 
 Data sizes:     COMRAM   BANK0   BANK1   BANK2   BANK3   BANK4   BANK5
      Params:         0       0       0       0       0       0       0
      Locals:        64       0       0       0       0       0       0
      Temps:          4       0       0       0       0       0       0
      Totals:        68       0       0       0       0       0       0
Total ram usage:       68 bytes
 Hardware stack levels required when called:    4
 This function calls:
		_UARTInit
		_UART_String
		_SPI_Close
		_SPI_Init
		_NRF24L01_Init
		_NRF24L01_DataReady
		_NRF24L01_ReadData
		_strcpy
 This function is called by:
		Startup code after reset
 This function uses a non-reentrant model


 *************** function _strcpy *****************
 Defined at:
		line 10 in file "/opt/microchip/xc8/v1.21/sources/common/strcpy.c"
 Parameters:    Size  Location     Type
  to              2    0[COMRAM] PTR unsigned char 
		 -> main@bufferRX_TMP(32), 
  from            2    2[COMRAM] PTR const unsigned char 
		 -> main@bufferRX(32), 
 Auto vars:     Size  Location     Type
  cp              2    4[COMRAM] PTR unsigned char 
		 -> main@bufferRX_TMP(32), 
 Return value:  Size  Location     Type
                  2    0[COMRAM] PTR unsigned char 
 Registers used:
		wreg, fsr1l, fsr1h, fsr2l, fsr2h, status,2, status,0
 Tracked objects:
		On entry : 
		On exit  : 
		Unchanged: 
 Data sizes:     COMRAM   BANK0   BANK1   BANK2   BANK3   BANK4   BANK5
      Params:         4       0       0       0       0       0       0
      Locals:         2       0       0       0       0       0       0
      Temps:          0       0       0       0       0       0       0
      Totals:         6       0       0       0       0       0       0
Total ram usage:        6 bytes
 Hardware stack levels used:    1
 This function calls:
		Nothing
 This function is called by:
		_main
 This function uses a non-reentrant model


 *************** function _NRF24L01_ReadData *****************
 Defined at:
		line 107 in file "nrf24l01.c"
 Parameters:    Size  Location     Type
  buffer          2    7[COMRAM] PTR unsigned char 
		 -> main@bufferRX(32), 
 Auto vars:     Size  Location     Type
		None
 Return value:  Size  Location     Type
		None               void
 Registers used:
		wreg, fsr2l, fsr2h, status,2, status,0, cstack
 Tracked objects:
		On entry : 
		On exit  : 
		Unchanged: 
 Data sizes:     COMRAM   BANK0   BANK1   BANK2   BANK3   BANK4   BANK5
      Params:         2       0       0       0       0       0       0
      Locals:         0       0       0       0       0       0       0
      Temps:          2       0       0       0       0       0       0
      Totals:         4       0       0       0       0       0       0
Total ram usage:        4 bytes
 Hardware stack levels used:    1
 Hardware stack levels required when called:    2
 This function calls:
		_NRF24L01_WriteRegister
		_NRF24L01_ReadBuffer
		_NRF24L01_Flush
 This function is called by:
		_main
 This function uses a non-reentrant model


 *************** function _NRF24L01_ReadBuffer *****************
 Defined at:
		line 42 in file "nrf24l01.c"
 Parameters:    Size  Location     Type
  data            1    1[COMRAM] unsigned char 
  buffer          2    2[COMRAM] PTR unsigned char 
		 -> main@bufferRX(32), 
  bytes           1    4[COMRAM] unsigned char 
 Auto vars:     Size  Location     Type
  i               1    6[COMRAM] unsigned char 
 Return value:  Size  Location     Type
		None               void
 Registers used:
		wreg, fsr2l, fsr2h, status,2, status,0, cstack
 Tracked objects:
		On entry : 
		On exit  : 
		Unchanged: 
 Data sizes:     COMRAM   BANK0   BANK1   BANK2   BANK3   BANK4   BANK5
      Params:         4       0       0       0       0       0       0
      Locals:         1       0       0       0       0       0       0
      Temps:          1       0       0       0       0       0       0
      Totals:         6       0       0       0       0       0       0
Total ram usage:        6 bytes
 Hardware stack levels used:    1
 Hardware stack levels required when called:    1
 This function calls:
		_SPI_Write
		_SPI1_Read
 This function is called by:
		_NRF24L01_ReadData
 This function uses a non-reentrant model


 *************** function _NRF24L01_DataReady *****************
 Defined at:
		line 99 in file "nrf24l01.c"
 Parameters:    Size  Location     Type
		None
 Auto vars:     Size  Location     Type
		None
 Return value:  Size  Location     Type
                  1    wreg      unsigned char 
 Registers used:
		wreg, status,2, status,0, cstack
 Tracked objects:
		On entry : 
		On exit  : 
		Unchanged: 
 Data sizes:     COMRAM   BANK0   BANK1   BANK2   BANK3   BANK4   BANK5
      Params:         0       0       0       0       0       0       0
      Locals:         0       0       0       0       0       0       0
      Temps:          2       0       0       0       0       0       0
      Totals:         2       0       0       0       0       0       0
Total ram usage:        2 bytes
 Hardware stack levels used:    1
 Hardware stack levels required when called:    2
 This function calls:
		_NRF24L01_ReadRegister
 This function is called by:
		_main
 This function uses a non-reentrant model


 *************** function _NRF24L01_ReadRegister *****************
 Defined at:
		line 21 in file "nrf24l01.c"
 Parameters:    Size  Location     Type
  Mnemonic        1    1[COMRAM] unsigned char 
 Auto vars:     Size  Location     Type
  byte0           1    2[COMRAM] unsigned char 
 Return value:  Size  Location     Type
                  1    wreg      unsigned char 
 Registers used:
		wreg, status,2, cstack
 Tracked objects:
		On entry : 
		On exit  : 
		Unchanged: 
 Data sizes:     COMRAM   BANK0   BANK1   BANK2   BANK3   BANK4   BANK5
      Params:         1       0       0       0       0       0       0
      Locals:         1       0       0       0       0       0       0
      Temps:          0       0       0       0       0       0       0
      Totals:         2       0       0       0       0       0       0
Total ram usage:        2 bytes
 Hardware stack levels used:    1
 Hardware stack levels required when called:    1
 This function calls:
		_SPI_Write
		_SPI1_Read
 This function is called by:
		_NRF24L01_DataReady
		_NRF24L01_GetChannel
 This function uses a non-reentrant model


 *************** function _SPI1_Read *****************
 Defined at:
		line 51 in file "spi_pic18f.c"
 Parameters:    Size  Location     Type
		None
 Auto vars:     Size  Location     Type
		None
 Return value:  Size  Location     Type
                  1    wreg      unsigned char 
 Registers used:
		wreg, status,2
 Tracked objects:
		On entry : 
		On exit  : 
		Unchanged: 
 Data sizes:     COMRAM   BANK0   BANK1   BANK2   BANK3   BANK4   BANK5
      Params:         0       0       0       0       0       0       0
      Locals:         0       0       0       0       0       0       0
      Temps:          0       0       0       0       0       0       0
      Totals:         0       0       0       0       0       0       0
Total ram usage:        0 bytes
 Hardware stack levels used:    1
 This function calls:
		Nothing
 This function is called by:
		_NRF24L01_ReadRegister
		_NRF24L01_ReadBuffer
 This function uses a non-reentrant model


 *************** function _NRF24L01_Init *****************
 Defined at:
		line 56 in file "nrf24l01.c"
 Parameters:    Size  Location     Type
  mode            1    7[COMRAM] unsigned char 
  rf_channel      1    8[COMRAM] unsigned char 
 Auto vars:     Size  Location     Type
		None
 Return value:  Size  Location     Type
		None               void
 Registers used:
		wreg, fsr2l, fsr2h, status,2, status,0, cstack
 Tracked objects:
		On entry : 
		On exit  : 
		Unchanged: 
 Data sizes:     COMRAM   BANK0   BANK1   BANK2   BANK3   BANK4   BANK5
      Params:         2       0       0       0       0       0       0
      Locals:         0       0       0       0       0       0       0
      Temps:          2       0       0       0       0       0       0
      Totals:         4       0       0       0       0       0       0
Total ram usage:        4 bytes
 Hardware stack levels used:    1
 Hardware stack levels required when called:    3
 This function calls:
		_NRF24L01_WriteRegister
		_NRF24L01_WriteBuffer
		_Delay_ms
		_NRF24L01_SetChannel
		_NRF24L01_SetMode
 This function is called by:
		_main
 This function uses a non-reentrant model


 *************** function _NRF24L01_SetMode *****************
 Defined at:
		line 77 in file "nrf24l01.c"
 Parameters:    Size  Location     Type
  mode            1    3[COMRAM] unsigned char 
 Auto vars:     Size  Location     Type
		None
 Return value:  Size  Location     Type
		None               void
 Registers used:
		wreg, status,2, status,0, cstack
 Tracked objects:
		On entry : 
		On exit  : 
		Unchanged: 
 Data sizes:     COMRAM   BANK0   BANK1   BANK2   BANK3   BANK4   BANK5
      Params:         1       0       0       0       0       0       0
      Locals:         0       0       0       0       0       0       0
      Temps:          2       0       0       0       0       0       0
      Totals:         3       0       0       0       0       0       0
Total ram usage:        3 bytes
 Hardware stack levels used:    1
 Hardware stack levels required when called:    2
 This function calls:
		_NRF24L01_WriteRegister
		_NRF24L01_Flush
 This function is called by:
		_NRF24L01_Init
		_NRF24L01_SendData
 This function uses a non-reentrant model


 *************** function _NRF24L01_Flush *****************
 Defined at:
		line 126 in file "nrf24l01.c"
 Parameters:    Size  Location     Type
		None
 Auto vars:     Size  Location     Type
		None
 Return value:  Size  Location     Type
		None               void
 Registers used:
		status,2, cstack
 Tracked objects:
		On entry : 
		On exit  : 
		Unchanged: 
 Data sizes:     COMRAM   BANK0   BANK1   BANK2   BANK3   BANK4   BANK5
      Params:         0       0       0       0       0       0       0
      Locals:         0       0       0       0       0       0       0
      Temps:          1       0       0       0       0       0       0
      Totals:         1       0       0       0       0       0       0
Total ram usage:        1 bytes
 Hardware stack levels used:    1
 Hardware stack levels required when called:    1
 This function calls:
		_SPI_Write
 This function is called by:
		_NRF24L01_SetMode
		_NRF24L01_ReadData
 This function uses a non-reentrant model


 *************** function _NRF24L01_SetChannel *****************
 Defined at:
		line 113 in file "nrf24l01.c"
 Parameters:    Size  Location     Type
  rf_channel      1    3[COMRAM] unsigned char 
 Auto vars:     Size  Location     Type
		None
 Return value:  Size  Location     Type
		None               void
 Registers used:
		wreg, status,2, status,0, cstack
 Tracked objects:
		On entry : 
		On exit  : 
		Unchanged: 
 Data sizes:     COMRAM   BANK0   BANK1   BANK2   BANK3   BANK4   BANK5
      Params:         1       0       0       0       0       0       0
      Locals:         0       0       0       0       0       0       0
      Temps:          1       0       0       0       0       0       0
      Totals:         2       0       0       0       0       0       0
Total ram usage:        2 bytes
 Hardware stack levels used:    1
 Hardware stack levels required when called:    2
 This function calls:
		_NRF24L01_WriteRegister
 This function is called by:
		_NRF24L01_Init
 This function uses a non-reentrant model


 *************** function _NRF24L01_WriteRegister *****************
 Defined at:
		line 14 in file "nrf24l01.c"
 Parameters:    Size  Location     Type
  Mnemonic        1    1[COMRAM] unsigned char 
  value           1    2[COMRAM] unsigned char 
 Auto vars:     Size  Location     Type
		None
 Return value:  Size  Location     Type
		None               void
 Registers used:
		wreg, status,2, status,0, cstack
 Tracked objects:
		On entry : 
		On exit  : 
		Unchanged: 
 Data sizes:     COMRAM   BANK0   BANK1   BANK2   BANK3   BANK4   BANK5
      Params:         2       0       0       0       0       0       0
      Locals:         0       0       0       0       0       0       0
      Temps:          0       0       0       0       0       0       0
      Totals:         2       0       0       0       0       0       0
Total ram usage:        2 bytes
 Hardware stack levels used:    1
 Hardware stack levels required when called:    1
 This function calls:
		_SPI_Write
 This function is called by:
		_NRF24L01_Init
		_NRF24L01_SetMode
		_NRF24L01_ReadData
		_NRF24L01_SetChannel
		_NRF24L01_StandbyI
 This function uses a non-reentrant model


 *************** function _Delay_ms *****************
 Defined at:
		line 10 in file "time_delay.c"
 Parameters:    Size  Location     Type
  count           2    0[COMRAM] unsigned int 
 Auto vars:     Size  Location     Type
  i               2    2[COMRAM] unsigned int 
 Return value:  Size  Location     Type
		None               void
 Registers used:
		wreg, status,2, status,0
 Tracked objects:
		On entry : 
		On exit  : 
		Unchanged: 
 Data sizes:     COMRAM   BANK0   BANK1   BANK2   BANK3   BANK4   BANK5
      Params:         2       0       0       0       0       0       0
      Locals:         2       0       0       0       0       0       0
      Temps:          0       0       0       0       0       0       0
      Totals:         4       0       0       0       0       0       0
Total ram usage:        4 bytes
 Hardware stack levels used:    1
 This function calls:
		Nothing
 This function is called by:
		_NRF24L01_Init
		_NRF24L01_SendData
		_NRF24L01_StandbyI
 This function uses a non-reentrant model


 *************** function _NRF24L01_WriteBuffer *****************
 Defined at:
		line 30 in file "nrf24l01.c"
 Parameters:    Size  Location     Type
  data            1    1[COMRAM] unsigned char 
  buffer          2    2[COMRAM] PTR unsigned char 
		 -> ADDRESS_DATA_PIPE0(5), 
  bytes           1    4[COMRAM] unsigned char 
 Auto vars:     Size  Location     Type
  i               1    6[COMRAM] unsigned char 
 Return value:  Size  Location     Type
		None               void
 Registers used:
		wreg, fsr2l, fsr2h, status,2, status,0, cstack
 Tracked objects:
		On entry : 
		On exit  : 
		Unchanged: 
 Data sizes:     COMRAM   BANK0   BANK1   BANK2   BANK3   BANK4   BANK5
      Params:         4       0       0       0       0       0       0
      Locals:         1       0       0       0       0       0       0
      Temps:          1       0       0       0       0       0       0
      Totals:         6       0       0       0       0       0       0
Total ram usage:        6 bytes
 Hardware stack levels used:    1
 Hardware stack levels required when called:    1
 This function calls:
		_SPI_Write
 This function is called by:
		_NRF24L01_Init
		_NRF24L01_SendData
 This function uses a non-reentrant model


 *************** function _SPI_Write *****************
 Defined at:
		line 44 in file "spi_pic18f.c"
 Parameters:    Size  Location     Type
  data            1    0[COMRAM] unsigned char 
 Auto vars:     Size  Location     Type
		None
 Return value:  Size  Location     Type
		None               void
 Registers used:
		None
 Tracked objects:
		On entry : 
		On exit  : 
		Unchanged: 
 Data sizes:     COMRAM   BANK0   BANK1   BANK2   BANK3   BANK4   BANK5
      Params:         1       0       0       0       0       0       0
      Locals:         0       0       0       0       0       0       0
      Temps:          0       0       0       0       0       0       0
      Totals:         1       0       0       0       0       0       0
Total ram usage:        1 bytes
 Hardware stack levels used:    1
 This function calls:
		Nothing
 This function is called by:
		_NRF24L01_WriteRegister
		_NRF24L01_ReadRegister
		_NRF24L01_WriteBuffer
		_NRF24L01_ReadBuffer
		_NRF24L01_Flush
 This function uses a non-reentrant model


 *************** function _SPI_Init *****************
 Defined at:
		line 16 in file "spi_pic18f.c"
 Parameters:    Size  Location     Type
		None
 Auto vars:     Size  Location     Type
		None
 Return value:  Size  Location     Type
		None               void
 Registers used:
		wreg, status,2
 Tracked objects:
		On entry : 
		On exit  : 
		Unchanged: 
 Data sizes:     COMRAM   BANK0   BANK1   BANK2   BANK3   BANK4   BANK5
      Params:         0       0       0       0       0       0       0
      Locals:         0       0       0       0       0       0       0
      Temps:          0       0       0       0       0       0       0
      Totals:         0       0       0       0       0       0       0
Total ram usage:        0 bytes
 Hardware stack levels used:    1
 This function calls:
		Nothing
 This function is called by:
		_main
 This function uses a non-reentrant model


 *************** function _SPI_Close *****************
 Defined at:
		line 40 in file "spi_pic18f.c"
 Parameters:    Size  Location     Type
		None
 Auto vars:     Size  Location     Type
		None
 Return value:  Size  Location     Type
		None               void
 Registers used:
		status,2, status,0
 Tracked objects:
		On entry : 
		On exit  : 
		Unchanged: 
 Data sizes:     COMRAM   BANK0   BANK1   BANK2   BANK3   BANK4   BANK5
      Params:         0       0       0       0       0       0       0
      Locals:         0       0       0       0       0       0       0
      Temps:          0       0       0       0       0       0       0
      Totals:         0       0       0       0       0       0       0
Total ram usage:        0 bytes
 Hardware stack levels used:    1
 This function calls:
		Nothing
 This function is called by:
		_main
 This function uses a non-reentrant model


 *************** function _UART_String *****************
 Defined at:
		line 46 in file "uart.c"
 Parameters:    Size  Location     Type
  _string         2    1[COMRAM] PTR unsigned char 
		 -> main@bufferRX(32), STR_1(36), 
 Auto vars:     Size  Location     Type
		None
 Return value:  Size  Location     Type
		None               void
 Registers used:
		wreg, fsr0l, fsr0h, status,2, status,0, tblptrl, tblptrh, tblptru, cstack
 Tracked objects:
		On entry : 
		On exit  : 
		Unchanged: 
 Data sizes:     COMRAM   BANK0   BANK1   BANK2   BANK3   BANK4   BANK5
      Params:         2       0       0       0       0       0       0
      Locals:         0       0       0       0       0       0       0
      Temps:          0       0       0       0       0       0       0
      Totals:         2       0       0       0       0       0       0
Total ram usage:        2 bytes
 Hardware stack levels used:    1
 Hardware stack levels required when called:    1
 This function calls:
		_UARTPutChar
 This function is called by:
		_main
 This function uses a non-reentrant model


 *************** function _UARTPutChar *****************
 Defined at:
		line 38 in file "uart.c"
 Parameters:    Size  Location     Type
  Dato            1    0[COMRAM] unsigned char 
 Auto vars:     Size  Location     Type
		None
 Return value:  Size  Location     Type
		None               void
 Registers used:
		None
 Tracked objects:
		On entry : 
		On exit  : 
		Unchanged: 
 Data sizes:     COMRAM   BANK0   BANK1   BANK2   BANK3   BANK4   BANK5
      Params:         1       0       0       0       0       0       0
      Locals:         0       0       0       0       0       0       0
      Temps:          0       0       0       0       0       0       0
      Totals:         1       0       0       0       0       0       0
Total ram usage:        1 bytes
 Hardware stack levels used:    1
 This function calls:
		Nothing
 This function is called by:
		_UART_String
 This function uses a non-reentrant model


 *************** function _UARTInit *****************
 Defined at:
		line 12 in file "uart.c"
 Parameters:    Size  Location     Type
		None
 Auto vars:     Size  Location     Type
		None
 Return value:  Size  Location     Type
		None               void
 Registers used:
		wreg, status,2
 Tracked objects:
		On entry : 
		On exit  : 
		Unchanged: 
 Data sizes:     COMRAM   BANK0   BANK1   BANK2   BANK3   BANK4   BANK5
      Params:         0       0       0       0       0       0       0
      Locals:         0       0       0       0       0       0       0
      Temps:          0       0       0       0       0       0       0
      Totals:         0       0       0       0       0       0       0
Total ram usage:        0 bytes
 Hardware stack levels used:    1
 This function calls:
		Nothing
 This function is called by:
		_main
 This function uses a non-reentrant model



MODULE INFORMATION

Module		Function		Class		Link	Load	Size
spi_pic18f.c
		_SPI_Close     		CODE           	0A8C	0000	4
		_SPI1_Read     		CODE           	0A6E	0000	12
		_SPI_Write     		CODE           	0A60	0000	14
		_SPI_Init      		CODE           	0A28	0000	20

spi_pic18f.c estimated size: 50

nrf24l01.c
		_NRF24L01_Write		CODE           	09FA	0000	24
		_NRF24L01_ReadR		CODE           	0A12	0000	22
		_NRF24L01_SetMo		CODE           	07F0	0000	90
		_NRF24L01_SetCh		CODE           	0A3C	0000	18
		_NRF24L01_Init 		CODE           	0626	0000	270
		_NRF24L01_ReadD		CODE           	08D6	0000	54
		_NRF24L01_ReadB		CODE           	0896	0000	64
		_NRF24L01_Flush		CODE           	09BE	0000	34
		_NRF24L01_Write		CODE           	090C	0000	54
		_NRF24L01_DataR		CODE           	09E0	0000	26

nrf24l01.c estimated size: 656

uart.c
		_UARTInit      		CODE           	0A4E	0000	18
		_UART_String   		CODE           	084A	0000	76
		_UARTPutChar   		CODE           	0A7A	0000	12

uart.c estimated size: 106

shared
		__stringdata   		SMALLCONST     	0600	0000	36
		__initializatio		CODE           	0970	0000	32

shared estimated size: 68

main.c
		_main          		CODE           	0734	0000	188

main.c estimated size: 188

time_delay.c
		_Delay_ms      		CODE           	099A	0000	36

time_delay.c estimated size: 36

/opt/microchip/xc8/v1.21/sources/common/strcpy.c
		_strcpy        		CODE           	0942	0000	46

/opt/microchip/xc8/v1.21/sources/common/strcpy.c estimated size: 46

