Microchip MPLAB XC8 Compiler V1.21 ()

Linker command line:

-W-3 --edf=/opt/microchip/xc8/v1.21/dat/en_msgs.txt -cs \
  -h+dist/default/production/NRF24P18F4xxxTx.X.production.sym \
  --cmf=dist/default/production/NRF24P18F4xxxTx.X.production.cmf -z \
  -Q18F4620 -o/tmp/cgtAESs1S \
  -Mdist/default/production/NRF24P18F4xxxTx.X.production.map -E1 -ver=XC8 \
  -ACODE=00h-0FFFFh -ACONST=00h-0FFFFh -ASMALLCONST=01000h-010FFhx240 \
  -AMEDIUMCONST=01000h-0FFFFh -ACOMRAM=01h-07Fh -AABS1=00h-0F7Fh \
  -ABIGRAM=01h-0F7Fh -ARAM=080h-0FFh,0100h-01FFhx14,0F00h-0F7Fh \
  -ABANK0=080h-0FFh -ABANK1=0100h-01FFh -ABANK2=0200h-02FFh \
  -ABANK3=0300h-03FFh -ABANK4=0400h-04FFh -ABANK5=0500h-05FFh \
  -ABANK6=0600h-06FFh -ABANK7=0700h-07FFh -ABANK8=0800h-08FFh \
  -ABANK9=0900h-09FFh -ABANK10=0A00h-0AFFh -ABANK11=0B00h-0BFFh \
  -ABANK12=0C00h-0CFFh -ABANK13=0D00h-0DFFh -ABANK14=0E00h-0EFFh \
  -ABANK15=0F00h-0F7Fh -ASFR=0F80h-0FFFh \
  -preset_vec=00h,intcode,intcodelo,powerup,init,end_init -pramtop=01000h \
  -psmallconst=SMALLCONST -pmediumconst=MEDIUMCONST -pconst=CONST \
  -AFARRAM=00h-00h -ACONFIG=0300000h-030000Dh -pconfig=CONFIG \
  -AIDLOC=0200000h-0200007h -pidloc=IDLOC -AEEDATA=0F00000h-0F003FFh \
  -peeprom_data=EEDATA \
  -prdata=COMRAM,nvrram=COMRAM,nvbit=COMRAM,rbss=COMRAM,rbit=COMRAM \
  -pfarbss=FARRAM,fardata=FARRAM,nvFARRAM=FARRAM \
  -pintsave_regs=BIGRAM,bigbss=BIGRAM,bigdata=BIGRAM -pbss=RAM \
  -pidata=CODE,irdata=CODE,ibigdata=CODE,ifardata=CODE /tmp/cgtrA9aMF.obj \
  dist/default/production/NRF24P18F4xxxTx.X.production.obj 

Object code version is 3.11

Machine type is 18F4620

Call graph: (short form)




                Name                               Link     Load   Length Selector   Space Scale
/tmp/cgtrA9aMF.obj
                end_init                              0        0        4        0       0
                idloc                            200000   200000        8   200000       0
                config                           300000   300000        E   300000       0
dist/default/production/NRF24P18F4xxxTx.X.production.obj
                smallconst                         1000     1000       48      800       0
                text20                             180A     180A       12      824       0
                text19                             1838     1838        C      824       0
                text18                             1592     1592       58      824       0
                text17                             182A     182A        E      824       0
                text16                             184A     184A        4      C25       0
                text15                             17E4     17E4       14      824       0
                text14                             1786     1786       24      824       0
                text13                             181C     181C        E      824       0
                text12                             16FA     16FA       36      824       0
                text11                             17CC     17CC       18      824       0
                text10                             17F8     17F8       12      824       0
                text9                              17AA     17AA       22      824       0
                text8                              1538     1538       5A      824       0
                text7                              142A     142A      10E      824       0
                text6                              16C0     16C0       3A      824       0
                text5                              1762     1762       24      824       0
                text4                              15EA     15EA       56      824       0
                text3                              1640     1640       46      824       0
                text2                              1686     1686       3A      824       0
                text1                              1048     1048      2C2      824       0
                text0                              130A     130A      120      824       0
                cstackCOMRAM                          1        1       66        1       1
                dataCOMRAM                           6F       6F        5        1       1
                bssCOMRAM                            67       67        8        1       1
                cinit                              1730     1730       32      824       0
                idataCOMRAM                        1844     1844        5      824       0

TOTAL           Name                               Link     Load   Length     Space
        CLASS   CODE           
                end_init                              0        0        4         0
                text20                             180A     180A       12         0
                text19                             1838     1838        C         0
                text18                             1592     1592       58         0
                text17                             182A     182A        E         0
                text16                             184A     184A        4         0
                text15                             17E4     17E4       14         0
                text14                             1786     1786       24         0
                text13                             181C     181C        E         0
                text12                             16FA     16FA       36         0
                text11                             17CC     17CC       18         0
                text10                             17F8     17F8       12         0
                text9                              17AA     17AA       22         0
                text8                              1538     1538       5A         0
                text7                              142A     142A      10E         0
                text6                              16C0     16C0       3A         0
                text5                              1762     1762       24         0
                text4                              15EA     15EA       56         0
                text3                              1640     1640       46         0
                text2                              1686     1686       3A         0
                text1                              1048     1048      2C2         0
                text0                              130A     130A      120         0
                cinit                              1730     1730       32         0
                idataCOMRAM                        1844     1844        5         0

        CLASS   CONST          

        CLASS   SMALLCONST     
                smallconst                         1000     1000       48         0

        CLASS   MEDIUMCONST    

        CLASS   COMRAM         
                cstackCOMRAM                          1        1       66         1
                dataCOMRAM                           6F       6F        5         1
                bssCOMRAM                            67       67        8         1

        CLASS   ABS1           

        CLASS   BIGRAM         

        CLASS   RAM            

        CLASS   BANK0          

        CLASS   BANK1          

        CLASS   BANK2          

        CLASS   BANK3          

        CLASS   BANK4          

        CLASS   BANK5          

        CLASS   BANK6          

        CLASS   BANK7          

        CLASS   BANK8          

        CLASS   BANK9          

        CLASS   BANK10         

        CLASS   BANK11         

        CLASS   BANK12         

        CLASS   BANK13         

        CLASS   BANK14         

        CLASS   BANK15         

        CLASS   SFR            

        CLASS   FARRAM         

        CLASS   CONFIG         
                config                           300000   300000        E         0

        CLASS   IDLOC          
                idloc                            200000   200000        8         0

        CLASS   EEDATA         



SEGMENTS        Name                           Load    Length   Top    Selector   Space  Class

                reset_vec                      000000  000004  000004         0       0  CODE    
                cstackCOMRAM                   000001  000073  000074         1       1  COMRAM  
                smallconst                     001000  000048  001048       800       0  SMALLCON
                text1                          001048  000801  001849       824       0  CODE    
                text16                         00184A  000004  00184E       C25       0  CODE    
                idloc                          200000  000008  200008    200000       0  IDLOC   
                config                         300000  00000E  30000E    300000       0  CONFIG  


UNUSED ADDRESS RANGES

        Name                Unused          Largest block    Delta
        BANK0            000080-0000FF               80
        BANK1            000100-0001FF              100
        BANK10           000A00-000AFF              100
        BANK11           000B00-000BFF              100
        BANK12           000C00-000CFF              100
        BANK13           000D00-000DFF              100
        BANK14           000E00-000EFF              100
        BANK15           000F00-000F7F               80
        BANK2            000200-0002FF              100
        BANK3            000300-0003FF              100
        BANK4            000400-0004FF              100
        BANK5            000500-0005FF              100
        BANK6            000600-0006FF              100
        BANK7            000700-0007FF              100
        BANK8            000800-0008FF              100
        BANK9            000900-0009FF              100
        BIGRAM           000074-000F7F              F0C
        CODE             000004-000FFF              FFC
                         001849-001849                1
                         00184E-00FFFF             E7B2
        COMRAM           000074-00007F                C
        CONST            000004-000FFF              FFC
                         001849-001849                1
                         00184E-00FFFF             E7B2
        EEDATA           F00000-F003FF              400
        MEDIUMCONST      001849-001849                1
                         00184E-00FFFF             E7B2
        RAM              000080-000F7F              100
        SFR              000F80-000FFF               80
        SMALLCONST       001849-001849                1
                         00184E-00FFFF              100

                                  Symbol Table

?_Delay_ms                       cstackCOMRAM 000001
?_NRF24L01_Init                  cstackCOMRAM 000008
?_NRF24L01_SendData              cstackCOMRAM 000008
?_NRF24L01_SetChannel            cstackCOMRAM 000004
?_NRF24L01_SetMode               cstackCOMRAM 000004
?_NRF24L01_WriteBuffer           cstackCOMRAM 000002
?_NRF24L01_WriteRegister         cstackCOMRAM 000002
?_SPI_Write                      cstackCOMRAM 000001
?_UARTPutChar                    cstackCOMRAM 000001
?_UART_String                    cstackCOMRAM 000002
?___lwdiv                        cstackCOMRAM 000001
?___lwmod                        cstackCOMRAM 000009
?___wmul                         cstackCOMRAM 000001
?_isdigit                        cstackCOMRAM 000001
?_sprintf                        cstackCOMRAM 00000F
Delay_ms@count                   cstackCOMRAM 000001
Delay_ms@i                       cstackCOMRAM 000003
NRF24L01_Init@mode               cstackCOMRAM 000008
NRF24L01_Init@rf_channel         cstackCOMRAM 000009
NRF24L01_SendData@buffer         cstackCOMRAM 000008
NRF24L01_SetChannel@rf_channel   cstackCOMRAM 000004
NRF24L01_SetMode@mode            cstackCOMRAM 000004
NRF24L01_WriteBuffer@buffer      cstackCOMRAM 000003
NRF24L01_WriteBuffer@bytes       cstackCOMRAM 000005
NRF24L01_WriteBuffer@data        cstackCOMRAM 000002
NRF24L01_WriteBuffer@i           cstackCOMRAM 000007
NRF24L01_WriteRegister@Mnemonic  cstackCOMRAM 000002
NRF24L01_WriteRegister@value     cstackCOMRAM 000003
SPI_Write@data                   cstackCOMRAM 000001
UARTPutChar@Dato                 cstackCOMRAM 000001
UART_String@_string              cstackCOMRAM 000002
_ADCON0                          (abs)        000FC2
_ADCON0bits                      (abs)        000FC2
_ADCON1                          (abs)        000FC1
_ADCON2                          (abs)        000FC0
_ADC_Init                        text17       00182A
_ADDRESS_DATA_PIPE0              dataCOMRAM   00006F
_ADRESH                          (abs)        000FC4
_ADRESL                          (abs)        000FC3
_BAUDCONbits                     (abs)        000FB8
_Delay_ms                        text14       001786
_LATAbits                        (abs)        000F89
_LATCbits                        (abs)        000F8B
_NRF24L01_Flush                  text9        0017AA
_NRF24L01_Init                   text7        00142A
_NRF24L01_SendData               text6        0016C0
_NRF24L01_SetChannel             text10       0017F8
_NRF24L01_SetMode                text8        001538
_NRF24L01_WriteBuffer            text12       0016FA
_NRF24L01_WriteRegister          text11       0017CC
_OSCCON                          (abs)        000FD3
_OSCTUNEbits                     (abs)        000F9B
_PIR1bits                        (abs)        000F9E
_PORTA                           (abs)        000F80
_PORTB                           (abs)        000F81
_PORTC                           (abs)        000F82
_PORTD                           (abs)        000F83
_PORTE                           (abs)        000F84
_RCSTAbits                       (abs)        000FAB
_SPBRG                           (abs)        000FAF
_SPI_Close                       text16       00184A
_SPI_Init                        text15       0017E4
_SPI_Write                       text13       00181C
_SSPBUF                          (abs)        000FC9
_SSPCON1                         (abs)        000FC6
_SSPCON1bits                     (abs)        000FC6
_SSPSTAT                         (abs)        000FC7
_SSPSTATbits                     (abs)        000FC7
_TRISA                           (abs)        000F92
_TRISAbits                       (abs)        000F92
_TRISB                           (abs)        000F93
_TRISC                           (abs)        000F94
_TRISCbits                       (abs)        000F94
_TRISD                           (abs)        000F95
_TRISE                           (abs)        000F96
_TXREG                           (abs)        000FAD
_TXSTA                           (abs)        000FAC
_TXSTAbits                       (abs)        000FAC
_UARTInit                        text20       00180A
_UARTPutChar                     text19       001838
_UART_String                     text18       001592
__CFG_BOREN$OFF                  (abs)        000000
__CFG_BORV$0                     (abs)        000000
__CFG_CCP2MX$PORTC               (abs)        000000
__CFG_CP0$OFF                    (abs)        000000
__CFG_CP1$OFF                    (abs)        000000
__CFG_CP2$OFF                    (abs)        000000
__CFG_CP3$OFF                    (abs)        000000
__CFG_CPB$OFF                    (abs)        000000
__CFG_CPD$OFF                    (abs)        000000
__CFG_EBTR0$OFF                  (abs)        000000
__CFG_EBTR1$OFF                  (abs)        000000
__CFG_EBTR2$OFF                  (abs)        000000
__CFG_EBTR3$OFF                  (abs)        000000
__CFG_EBTRB$OFF                  (abs)        000000
__CFG_FCMEN$OFF                  (abs)        000000
__CFG_IESO$OFF                   (abs)        000000
__CFG_LPT1OSC$OFF                (abs)        000000
__CFG_LVP$OFF                    (abs)        000000
__CFG_MCLRE$ON                   (abs)        000000
__CFG_OSC$XT                     (abs)        000000
__CFG_PBADEN$OFF                 (abs)        000000
__CFG_PWRT$OFF                   (abs)        000000
__CFG_STVREN$ON                  (abs)        000000
__CFG_WDT$OFF                    (abs)        000000
__CFG_WDTPS$32768                (abs)        000000
__CFG_WRT0$OFF                   (abs)        000000
__CFG_WRT1$OFF                   (abs)        000000
__CFG_WRT2$OFF                   (abs)        000000
__CFG_WRT3$OFF                   (abs)        000000
__CFG_WRTB$OFF                   (abs)        000000
__CFG_WRTC$OFF                   (abs)        000000
__CFG_WRTD$OFF                   (abs)        000000
__CFG_XINST$OFF                  (abs)        000000
__HRAM                           (abs)        000000
__Habs1                          abs1         000000
__Hbank0                         bank0        000000
__Hbank1                         bank1        000000
__Hbank10                        bank10       000000
__Hbank11                        bank11       000000
__Hbank12                        bank12       000000
__Hbank13                        bank13       000000
__Hbank14                        bank14       000000
__Hbank15                        bank15       000000
__Hbank2                         bank2        000000
__Hbank3                         bank3        000000
__Hbank4                         bank4        000000
__Hbank5                         bank5        000000
__Hbank6                         bank6        000000
__Hbank7                         bank7        000000
__Hbank8                         bank8        000000
__Hbank9                         bank9        000000
__Hbigbss                        bigbss       000000
__Hbigdata                       bigdata      000000
__Hbigram                        bigram       000000
__Hbss                           bss          000000
__HbssCOMRAM                     bssCOMRAM    000000
__Hcinit                         cinit        000000
__Hclrtext                       clrtext      000000
__Hcomram                        comram       000000
__Hconfig                        config       30000E
__Hconst                         const        000000
__HcstackCOMRAM                  cstackCOMRAM 000000
__Hdata                          data         000000
__HdataCOMRAM                    dataCOMRAM   000000
__Heeprom_data                   eeprom_data  000000
__Hend_init                      end_init     000004
__Hfarbss                        farbss       000000
__Hfardata                       fardata      000000
__Hibigdata                      ibigdata     000000
__Hidata                         idata        000000
__HidataCOMRAM                   idataCOMRAM  000000
__Hidloc                         idloc        200008
__Hifardata                      ifardata     000000
__Hinit                          init         000000
__Hintcode                       intcode      000000
__Hintcode_body                  intcode_body 000000
__Hintcodelo                     intcodelo    000000
__Hintentry                      intentry     000000
__Hintret                        intret       000000
__Hintsave_regs                  intsave_regs 000000
__Hirdata                        irdata       000000
__Hmediumconst                   mediumconst  000000
__HnvFARRAM                      nvFARRAM     000000
__Hnvbit                         nvbit        000000
__Hnvrram                        nvrram       000000
__Hparam                         rparam       000000
__Hpowerup                       powerup      000000
__Hram                           ram          000000
__Hramtop                        ramtop       001000
__Hrbit                          rbit         000000
__Hrbss                          rbss         000000
__Hrdata                         rdata        000000
__Hreset_vec                     reset_vec    000000
__Hrparam                        rparam       000000
__Hsfr                           sfr          000000
__Hsmallconst                    smallconst   001048
__Hstruct                        struct       000000
__Htemp                          temp         000000
__Htext                          text         000000
__Htext0                         text0        000000
__Htext1                         text1        000000
__Htext10                        text10       000000
__Htext11                        text11       000000
__Htext12                        text12       000000
__Htext13                        text13       000000
__Htext14                        text14       000000
__Htext15                        text15       000000
__Htext16                        text16       000000
__Htext17                        text17       000000
__Htext18                        text18       000000
__Htext19                        text19       000000
__Htext2                         text2        000000
__Htext20                        text20       000000
__Htext3                         text3        000000
__Htext4                         text4        000000
__Htext5                         text5        000000
__Htext6                         text6        000000
__Htext7                         text7        000000
__Htext8                         text8        000000
__Htext9                         text9        000000
__LRAM                           (abs)        000001
__Labs1                          abs1         000000
__Lbank0                         bank0        000000
__Lbank1                         bank1        000000
__Lbank10                        bank10       000000
__Lbank11                        bank11       000000
__Lbank12                        bank12       000000
__Lbank13                        bank13       000000
__Lbank14                        bank14       000000
__Lbank15                        bank15       000000
__Lbank2                         bank2        000000
__Lbank3                         bank3        000000
__Lbank4                         bank4        000000
__Lbank5                         bank5        000000
__Lbank6                         bank6        000000
__Lbank7                         bank7        000000
__Lbank8                         bank8        000000
__Lbank9                         bank9        000000
__Lbigbss                        bigbss       000000
__Lbigdata                       bigdata      000000
__Lbigram                        bigram       000000
__Lbss                           bss          000000
__LbssCOMRAM                     bssCOMRAM    000000
__Lcinit                         cinit        000000
__Lclrtext                       clrtext      000000
__Lcomram                        comram       000000
__Lconfig                        config       300000
__Lconst                         const        000000
__LcstackCOMRAM                  cstackCOMRAM 000000
__Ldata                          data         000000
__LdataCOMRAM                    dataCOMRAM   000000
__Leeprom_data                   eeprom_data  000000
__Lend_init                      end_init     000000
__Lfarbss                        farbss       000000
__Lfardata                       fardata      000000
__Libigdata                      ibigdata     000000
__Lidata                         idata        000000
__LidataCOMRAM                   idataCOMRAM  000000
__Lidloc                         idloc        200000
__Lifardata                      ifardata     000000
__Linit                          init         000000
__Lintcode                       intcode      000000
__Lintcode_body                  intcode_body 000000
__Lintcodelo                     intcodelo    000000
__Lintentry                      intentry     000000
__Lintret                        intret       000000
__Lintsave_regs                  intsave_regs 000000
__Lirdata                        irdata       000000
__Lmediumconst                   mediumconst  000000
__LnvFARRAM                      nvFARRAM     000000
__Lnvbit                         nvbit        000000
__Lnvrram                        nvrram       000000
__Lparam                         rparam       000000
__Lpowerup                       powerup      000000
__Lram                           ram          000000
__Lramtop                        ramtop       001000
__Lrbit                          rbit         000000
__Lrbss                          rbss         000000
__Lrdata                         rdata        000000
__Lreset_vec                     reset_vec    000000
__Lrparam                        rparam       000000
__Lsfr                           sfr          000000
__Lsmallconst                    smallconst   001000
__Lstruct                        struct       000000
__Ltemp                          temp         000000
__Ltext                          text         000000
__Ltext0                         text0        000000
__Ltext1                         text1        000000
__Ltext10                        text10       000000
__Ltext11                        text11       000000
__Ltext12                        text12       000000
__Ltext13                        text13       000000
__Ltext14                        text14       000000
__Ltext15                        text15       000000
__Ltext16                        text16       000000
__Ltext17                        text17       000000
__Ltext18                        text18       000000
__Ltext19                        text19       000000
__Ltext2                         text2        000000
__Ltext20                        text20       000000
__Ltext3                         text3        000000
__Ltext4                         text4        000000
__Ltext5                         text5        000000
__Ltext6                         text6        000000
__Ltext7                         text7        000000
__Ltext8                         text8        000000
__Ltext9                         text9        000000
__S0                             (abs)        30000E
__S1                             (abs)        000074
___lwdiv                         text4        0015EA
___lwdiv@counter                 cstackCOMRAM 000008
___lwdiv@dividend                cstackCOMRAM 000001
___lwdiv@divisor                 cstackCOMRAM 000003
___lwdiv@quotient                cstackCOMRAM 000006
___lwmod                         text3        001640
___lwmod@counter                 cstackCOMRAM 00000E
___lwmod@dividend                cstackCOMRAM 000009
___lwmod@divisor                 cstackCOMRAM 00000B
___wmul                          text2        001686
___wmul@multiplicand             cstackCOMRAM 000003
___wmul@multiplier               cstackCOMRAM 000001
___wmul@product                  cstackCOMRAM 000005
__accesstop                      (abs)        000080
__activetblptr                   (abs)        000003
__end_of_ADC_Init                text17       001838
__end_of_Delay_ms                text14       0017AA
__end_of_NRF24L01_Flush          text9        0017CC
__end_of_NRF24L01_Init           text7        001538
__end_of_NRF24L01_SendData       text6        0016FA
__end_of_NRF24L01_SetChannel     text10       00180A
__end_of_NRF24L01_SetMode        text8        001592
__end_of_NRF24L01_WriteBuffer    text12       001730
__end_of_NRF24L01_WriteRegister  text11       0017E4
__end_of_SPI_Close               text16       00184E
__end_of_SPI_Init                text15       0017F8
__end_of_SPI_Write               text13       00182A
__end_of_UARTInit                text20       00181C
__end_of_UARTPutChar             text19       001844
__end_of_UART_String             text18       0015EA
__end_of___lwdiv                 text4        001640
__end_of___lwmod                 text3        001686
__end_of___wmul                  text2        0016C0
__end_of__initialization         cinit        00175C
__end_of__stringdata             smallconst   001046
__end_of_dpowers                 smallconst   00100A
__end_of_isdigit                 text5        001786
__end_of_main                    text0        00142A
__end_of_sprintf                 text1        00130A
__initialization                 cinit        001730
__mediumconst                    mediumconst  000000
__pbssCOMRAM                     bssCOMRAM    000067
__pcinit                         cinit        001730
__pcstackCOMRAM                  cstackCOMRAM 000001
__pdataCOMRAM                    dataCOMRAM   00006F
__pidataCOMRAM                   idataCOMRAM  001844
__psmallconst                    smallconst   001000
__ptext0                         text0        00130A
__ptext1                         text1        001048
__ptext10                        text10       0017F8
__ptext11                        text11       0017CC
__ptext12                        text12       0016FA
__ptext13                        text13       00181C
__ptext14                        text14       001786
__ptext15                        text15       0017E4
__ptext16                        text16       00184A
__ptext17                        text17       00182A
__ptext18                        text18       001592
__ptext19                        text19       001838
__ptext2                         text2        001686
__ptext20                        text20       00180A
__ptext3                         text3        001640
__ptext4                         text4        0015EA
__ptext5                         text5        001762
__ptext6                         text6        0016C0
__ptext7                         text7        00142A
__ptext8                         text8        001538
__ptext9                         text9        0017AA
__ramtop                         ramtop       001000
__size_of_ADC_Init               (abs)        000000
__size_of_Delay_ms               (abs)        000000
__size_of_NRF24L01_Flush         (abs)        000000
__size_of_NRF24L01_Init          (abs)        000000
__size_of_NRF24L01_SendData      (abs)        000000
__size_of_NRF24L01_SetChannel    (abs)        000000
__size_of_NRF24L01_SetMode       (abs)        000000
__size_of_NRF24L01_WriteBuffer   (abs)        000000
__size_of_NRF24L01_WriteRegister (abs)        000000
__size_of_SPI_Close              (abs)        000000
__size_of_SPI_Init               (abs)        000000
__size_of_SPI_Write              (abs)        000000
__size_of_UARTInit               (abs)        000000
__size_of_UARTPutChar            (abs)        000000
__size_of_UART_String            (abs)        000000
__size_of___lwdiv                (abs)        000000
__size_of___lwmod                (abs)        000000
__size_of___wmul                 (abs)        000000
__size_of_isdigit                (abs)        000000
__size_of_main                   (abs)        000000
__size_of_sprintf                (abs)        000000
__smallconst                     smallconst   001000
__stringdata                     smallconst   00100A
_dpowers                         smallconst   001000
_f_value_adc                     bssCOMRAM    000067
_isdigit                         text5        001762
_isdigit$1403                    cstackCOMRAM 000003
_main                            text0        00130A
_sprintf                         text1        001048
_ui_value_adc                    bssCOMRAM    00006B
compare@memory_tmp               bssCOMRAM    00006D
end_of_initialization            cinit        00175C
intlevel0                        text         000000
intlevel1                        text         000000
intlevel2                        text         000000
intlevel3                        text         000000
isdigit@c                        cstackCOMRAM 000001
main@bufferTX                    cstackCOMRAM 000026
main@bufferTmp                   cstackCOMRAM 000046
main@i                           cstackCOMRAM 000066
sprintf@_val                     cstackCOMRAM 00001B
sprintf@ap                       cstackCOMRAM 000018
sprintf@c                        cstackCOMRAM 000023
sprintf@f                        cstackCOMRAM 000011
sprintf@flag                     cstackCOMRAM 000020
sprintf@prec                     cstackCOMRAM 00001A
sprintf@sp                       cstackCOMRAM 00000F
sprintf@width                    cstackCOMRAM 000021
start                            init         000000
start_initialization             cinit        001730


FUNCTION INFORMATION:

 *************** function _main *****************
 Defined at:
		line 38 in file "main.c"
 Parameters:    Size  Location     Type
		None
 Auto vars:     Size  Location     Type
  bufferTmp      32   69[COMRAM] unsigned char [32]
  bufferTX       32   37[COMRAM] unsigned char [32]
  i               1  101[COMRAM] unsigned char 
 Return value:  Size  Location     Type
		None               void
 Registers used:
		wreg, fsr0l, fsr0h, fsr2l, fsr2h, status,2, status,0, tblptrl, tblptrh, tblptru, prodl, prodh, cstack
 Tracked objects:
		On entry : 
		On exit  : 
		Unchanged: 
 Data sizes:     COMRAM   BANK0   BANK1   BANK2   BANK3   BANK4   BANK5   BANK6   BANK7   BANK8   BANK9  BANK10  BANK11  BANK12  BANK13  BANK14  BANK15
      Params:         0       0       0       0       0       0       0       0       0       0       0       0       0       0       0       0       0
      Locals:        65       0       0       0       0       0       0       0       0       0       0       0       0       0       0       0       0
      Temps:          2       0       0       0       0       0       0       0       0       0       0       0       0       0       0       0       0
      Totals:        67       0       0       0       0       0       0       0       0       0       0       0       0       0       0       0       0
Total ram usage:       67 bytes
 Hardware stack levels required when called:    4
 This function calls:
		_UARTInit
		_UART_String
		_ADC_Init
		_SPI_Close
		_SPI_Init
		_NRF24L01_Init
		_NRF24L01_SendData
		_sprintf
		_Delay_ms
 This function is called by:
		Startup code after reset
 This function uses a non-reentrant model


 *************** function _sprintf *****************
 Defined at:
		line 493 in file "/opt/microchip/xc8/v1.21/sources/common/doprnt.c"
 Parameters:    Size  Location     Type
  sp              2   14[COMRAM] PTR unsigned char 
		 -> print_adc@buffer(32), compare@buffer(40), main@bufferTmp(32), 
  f               2   16[COMRAM] PTR const unsigned char 
		 -> STR_5(9), STR_4(9), STR_3(16), STR_2(16), 
 Auto vars:     Size  Location     Type
  _val            5   26[COMRAM] struct .
  width           2   32[COMRAM] int 
  ap              2   23[COMRAM] PTR void [1]
		 -> ?_sprintf(2), 
  c               1   34[COMRAM] char 
  flag            1   31[COMRAM] unsigned char 
  prec            1   25[COMRAM] char 
 Return value:  Size  Location     Type
                  2   14[COMRAM] int 
 Registers used:
		wreg, fsr2l, fsr2h, status,2, status,0, tblptrl, tblptrh, tblptru, prodl, prodh, cstack
 Tracked objects:
		On entry : 
		On exit  : 
		Unchanged: 
 Data sizes:     COMRAM   BANK0   BANK1   BANK2   BANK3   BANK4   BANK5   BANK6   BANK7   BANK8   BANK9  BANK10  BANK11  BANK12  BANK13  BANK14  BANK15
      Params:         6       0       0       0       0       0       0       0       0       0       0       0       0       0       0       0       0
      Locals:        12       0       0       0       0       0       0       0       0       0       0       0       0       0       0       0       0
      Temps:          3       0       0       0       0       0       0       0       0       0       0       0       0       0       0       0       0
      Totals:        21       0       0       0       0       0       0       0       0       0       0       0       0       0       0       0       0
Total ram usage:       21 bytes
 Hardware stack levels used:    1
 Hardware stack levels required when called:    1
 This function calls:
		_isdigit
		___lwdiv
		___lwmod
		___wmul
 This function is called by:
		_main
		_compare
		_print_adc
 This function uses a non-reentrant model


 *************** function ___wmul *****************
 Defined at:
		line 5 in file "/opt/microchip/xc8/v1.21/sources/common/wmul.c"
 Parameters:    Size  Location     Type
  multiplier      2    0[COMRAM] unsigned int 
  multiplicand    2    2[COMRAM] unsigned int 
 Auto vars:     Size  Location     Type
  product         2    4[COMRAM] unsigned int 
 Return value:  Size  Location     Type
                  2    0[COMRAM] unsigned int 
 Registers used:
		wreg, status,2, status,0, prodl, prodh
 Tracked objects:
		On entry : 
		On exit  : 
		Unchanged: 
 Data sizes:     COMRAM   BANK0   BANK1   BANK2   BANK3   BANK4   BANK5   BANK6   BANK7   BANK8   BANK9  BANK10  BANK11  BANK12  BANK13  BANK14  BANK15
      Params:         4       0       0       0       0       0       0       0       0       0       0       0       0       0       0       0       0
      Locals:         2       0       0       0       0       0       0       0       0       0       0       0       0       0       0       0       0
      Temps:          0       0       0       0       0       0       0       0       0       0       0       0       0       0       0       0       0
      Totals:         6       0       0       0       0       0       0       0       0       0       0       0       0       0       0       0       0
Total ram usage:        6 bytes
 Hardware stack levels used:    1
 This function calls:
		Nothing
 This function is called by:
		_sprintf
 This function uses a non-reentrant model


 *************** function ___lwmod *****************
 Defined at:
		line 10 in file "/opt/microchip/xc8/v1.21/sources/common/lwmod.c"
 Parameters:    Size  Location     Type
  dividend        2    8[COMRAM] unsigned int 
  divisor         2   10[COMRAM] unsigned int 
 Auto vars:     Size  Location     Type
  counter         1   13[COMRAM] unsigned char 
 Return value:  Size  Location     Type
                  2    8[COMRAM] unsigned int 
 Registers used:
		wreg, status,2, status,0
 Tracked objects:
		On entry : 
		On exit  : 
		Unchanged: 
 Data sizes:     COMRAM   BANK0   BANK1   BANK2   BANK3   BANK4   BANK5   BANK6   BANK7   BANK8   BANK9  BANK10  BANK11  BANK12  BANK13  BANK14  BANK15
      Params:         4       0       0       0       0       0       0       0       0       0       0       0       0       0       0       0       0
      Locals:         1       0       0       0       0       0       0       0       0       0       0       0       0       0       0       0       0
      Temps:          1       0       0       0       0       0       0       0       0       0       0       0       0       0       0       0       0
      Totals:         6       0       0       0       0       0       0       0       0       0       0       0       0       0       0       0       0
Total ram usage:        6 bytes
 Hardware stack levels used:    1
 This function calls:
		Nothing
 This function is called by:
		_sprintf
 This function uses a non-reentrant model


 *************** function ___lwdiv *****************
 Defined at:
		line 10 in file "/opt/microchip/xc8/v1.21/sources/common/lwdiv.c"
 Parameters:    Size  Location     Type
  dividend        2    0[COMRAM] unsigned int 
  divisor         2    2[COMRAM] unsigned int 
 Auto vars:     Size  Location     Type
  quotient        2    5[COMRAM] unsigned int 
  counter         1    7[COMRAM] unsigned char 
 Return value:  Size  Location     Type
                  2    0[COMRAM] unsigned int 
 Registers used:
		wreg, status,2, status,0
 Tracked objects:
		On entry : 
		On exit  : 
		Unchanged: 
 Data sizes:     COMRAM   BANK0   BANK1   BANK2   BANK3   BANK4   BANK5   BANK6   BANK7   BANK8   BANK9  BANK10  BANK11  BANK12  BANK13  BANK14  BANK15
      Params:         4       0       0       0       0       0       0       0       0       0       0       0       0       0       0       0       0
      Locals:         3       0       0       0       0       0       0       0       0       0       0       0       0       0       0       0       0
      Temps:          1       0       0       0       0       0       0       0       0       0       0       0       0       0       0       0       0
      Totals:         8       0       0       0       0       0       0       0       0       0       0       0       0       0       0       0       0
Total ram usage:        8 bytes
 Hardware stack levels used:    1
 This function calls:
		Nothing
 This function is called by:
		_sprintf
 This function uses a non-reentrant model


 *************** function _isdigit *****************
 Defined at:
		line 13 in file "/opt/microchip/xc8/v1.21/sources/common/isdigit.c"
 Parameters:    Size  Location     Type
  c               1    0[COMRAM] unsigned char 
 Auto vars:     Size  Location     Type
		None
 Return value:  Size  Location     Type
		None               void
 Registers used:
		wreg, status,2, status,0
 Tracked objects:
		On entry : 
		On exit  : 
		Unchanged: 
 Data sizes:     COMRAM   BANK0   BANK1   BANK2   BANK3   BANK4   BANK5   BANK6   BANK7   BANK8   BANK9  BANK10  BANK11  BANK12  BANK13  BANK14  BANK15
      Params:         1       0       0       0       0       0       0       0       0       0       0       0       0       0       0       0       0
      Locals:         1       0       0       0       0       0       0       0       0       0       0       0       0       0       0       0       0
      Temps:          1       0       0       0       0       0       0       0       0       0       0       0       0       0       0       0       0
      Totals:         3       0       0       0       0       0       0       0       0       0       0       0       0       0       0       0       0
Total ram usage:        3 bytes
 Hardware stack levels used:    1
 This function calls:
		Nothing
 This function is called by:
		_sprintf
 This function uses a non-reentrant model


 *************** function _NRF24L01_SendData *****************
 Defined at:
		line 93 in file "nrf24l01.c"
 Parameters:    Size  Location     Type
  buffer          2    7[COMRAM] PTR unsigned char 
		 -> RAM(3967), 
 Auto vars:     Size  Location     Type
		None
 Return value:  Size  Location     Type
		None               void
 Registers used:
		wreg, fsr2l, fsr2h, status,2, status,0, cstack
 Tracked objects:
		On entry : 
		On exit  : 
		Unchanged: 
 Data sizes:     COMRAM   BANK0   BANK1   BANK2   BANK3   BANK4   BANK5   BANK6   BANK7   BANK8   BANK9  BANK10  BANK11  BANK12  BANK13  BANK14  BANK15
      Params:         2       0       0       0       0       0       0       0       0       0       0       0       0       0       0       0       0
      Locals:         0       0       0       0       0       0       0       0       0       0       0       0       0       0       0       0       0
      Temps:          2       0       0       0       0       0       0       0       0       0       0       0       0       0       0       0       0
      Totals:         4       0       0       0       0       0       0       0       0       0       0       0       0       0       0       0       0
Total ram usage:        4 bytes
 Hardware stack levels used:    1
 Hardware stack levels required when called:    3
 This function calls:
		_Delay_ms
		_NRF24L01_WriteBuffer
		_NRF24L01_SetMode
 This function is called by:
		_main
 This function uses a non-reentrant model


 *************** function _NRF24L01_Init *****************
 Defined at:
		line 56 in file "nrf24l01.c"
 Parameters:    Size  Location     Type
  mode            1    7[COMRAM] unsigned char 
  rf_channel      1    8[COMRAM] unsigned char 
 Auto vars:     Size  Location     Type
		None
 Return value:  Size  Location     Type
		None               void
 Registers used:
		wreg, fsr2l, fsr2h, status,2, status,0, cstack
 Tracked objects:
		On entry : 
		On exit  : 
		Unchanged: 
 Data sizes:     COMRAM   BANK0   BANK1   BANK2   BANK3   BANK4   BANK5   BANK6   BANK7   BANK8   BANK9  BANK10  BANK11  BANK12  BANK13  BANK14  BANK15
      Params:         2       0       0       0       0       0       0       0       0       0       0       0       0       0       0       0       0
      Locals:         0       0       0       0       0       0       0       0       0       0       0       0       0       0       0       0       0
      Temps:          2       0       0       0       0       0       0       0       0       0       0       0       0       0       0       0       0
      Totals:         4       0       0       0       0       0       0       0       0       0       0       0       0       0       0       0       0
Total ram usage:        4 bytes
 Hardware stack levels used:    1
 Hardware stack levels required when called:    3
 This function calls:
		_Delay_ms
		_NRF24L01_WriteRegister
		_NRF24L01_WriteBuffer
		_NRF24L01_SetChannel
		_NRF24L01_SetMode
 This function is called by:
		_main
 This function uses a non-reentrant model


 *************** function _NRF24L01_SetMode *****************
 Defined at:
		line 77 in file "nrf24l01.c"
 Parameters:    Size  Location     Type
  mode            1    3[COMRAM] unsigned char 
 Auto vars:     Size  Location     Type
		None
 Return value:  Size  Location     Type
		None               void
 Registers used:
		wreg, status,2, status,0, cstack
 Tracked objects:
		On entry : 
		On exit  : 
		Unchanged: 
 Data sizes:     COMRAM   BANK0   BANK1   BANK2   BANK3   BANK4   BANK5   BANK6   BANK7   BANK8   BANK9  BANK10  BANK11  BANK12  BANK13  BANK14  BANK15
      Params:         1       0       0       0       0       0       0       0       0       0       0       0       0       0       0       0       0
      Locals:         0       0       0       0       0       0       0       0       0       0       0       0       0       0       0       0       0
      Temps:          2       0       0       0       0       0       0       0       0       0       0       0       0       0       0       0       0
      Totals:         3       0       0       0       0       0       0       0       0       0       0       0       0       0       0       0       0
Total ram usage:        3 bytes
 Hardware stack levels used:    1
 Hardware stack levels required when called:    2
 This function calls:
		_NRF24L01_WriteRegister
		_NRF24L01_Flush
 This function is called by:
		_NRF24L01_Init
		_NRF24L01_SendData
 This function uses a non-reentrant model


 *************** function _NRF24L01_Flush *****************
 Defined at:
		line 126 in file "nrf24l01.c"
 Parameters:    Size  Location     Type
		None
 Auto vars:     Size  Location     Type
		None
 Return value:  Size  Location     Type
		None               void
 Registers used:
		status,2, cstack
 Tracked objects:
		On entry : 
		On exit  : 
		Unchanged: 
 Data sizes:     COMRAM   BANK0   BANK1   BANK2   BANK3   BANK4   BANK5   BANK6   BANK7   BANK8   BANK9  BANK10  BANK11  BANK12  BANK13  BANK14  BANK15
      Params:         0       0       0       0       0       0       0       0       0       0       0       0       0       0       0       0       0
      Locals:         0       0       0       0       0       0       0       0       0       0       0       0       0       0       0       0       0
      Temps:          1       0       0       0       0       0       0       0       0       0       0       0       0       0       0       0       0
      Totals:         1       0       0       0       0       0       0       0       0       0       0       0       0       0       0       0       0
Total ram usage:        1 bytes
 Hardware stack levels used:    1
 Hardware stack levels required when called:    1
 This function calls:
		_SPI_Write
 This function is called by:
		_NRF24L01_SetMode
		_NRF24L01_ReadData
 This function uses a non-reentrant model


 *************** function _NRF24L01_SetChannel *****************
 Defined at:
		line 113 in file "nrf24l01.c"
 Parameters:    Size  Location     Type
  rf_channel      1    3[COMRAM] unsigned char 
 Auto vars:     Size  Location     Type
		None
 Return value:  Size  Location     Type
		None               void
 Registers used:
		wreg, status,2, status,0, cstack
 Tracked objects:
		On entry : 
		On exit  : 
		Unchanged: 
 Data sizes:     COMRAM   BANK0   BANK1   BANK2   BANK3   BANK4   BANK5   BANK6   BANK7   BANK8   BANK9  BANK10  BANK11  BANK12  BANK13  BANK14  BANK15
      Params:         1       0       0       0       0       0       0       0       0       0       0       0       0       0       0       0       0
      Locals:         0       0       0       0       0       0       0       0       0       0       0       0       0       0       0       0       0
      Temps:          1       0       0       0       0       0       0       0       0       0       0       0       0       0       0       0       0
      Totals:         2       0       0       0       0       0       0       0       0       0       0       0       0       0       0       0       0
Total ram usage:        2 bytes
 Hardware stack levels used:    1
 Hardware stack levels required when called:    2
 This function calls:
		_NRF24L01_WriteRegister
 This function is called by:
		_NRF24L01_Init
 This function uses a non-reentrant model


 *************** function _NRF24L01_WriteRegister *****************
 Defined at:
		line 14 in file "nrf24l01.c"
 Parameters:    Size  Location     Type
  Mnemonic        1    1[COMRAM] unsigned char 
  value           1    2[COMRAM] unsigned char 
 Auto vars:     Size  Location     Type
		None
 Return value:  Size  Location     Type
		None               void
 Registers used:
		wreg, status,2, status,0, cstack
 Tracked objects:
		On entry : 
		On exit  : 
		Unchanged: 
 Data sizes:     COMRAM   BANK0   BANK1   BANK2   BANK3   BANK4   BANK5   BANK6   BANK7   BANK8   BANK9  BANK10  BANK11  BANK12  BANK13  BANK14  BANK15
      Params:         2       0       0       0       0       0       0       0       0       0       0       0       0       0       0       0       0
      Locals:         0       0       0       0       0       0       0       0       0       0       0       0       0       0       0       0       0
      Temps:          0       0       0       0       0       0       0       0       0       0       0       0       0       0       0       0       0
      Totals:         2       0       0       0       0       0       0       0       0       0       0       0       0       0       0       0       0
Total ram usage:        2 bytes
 Hardware stack levels used:    1
 Hardware stack levels required when called:    1
 This function calls:
		_SPI_Write
 This function is called by:
		_NRF24L01_Init
		_NRF24L01_SetMode
		_NRF24L01_SetChannel
		_NRF24L01_ReadData
		_NRF24L01_StandbyI
 This function uses a non-reentrant model


 *************** function _NRF24L01_WriteBuffer *****************
 Defined at:
		line 30 in file "nrf24l01.c"
 Parameters:    Size  Location     Type
  data            1    1[COMRAM] unsigned char 
  buffer          2    2[COMRAM] PTR unsigned char 
		 -> ADDRESS_DATA_PIPE0(5), RAM(3967), 
  bytes           1    4[COMRAM] unsigned char 
 Auto vars:     Size  Location     Type
  i               1    6[COMRAM] unsigned char 
 Return value:  Size  Location     Type
		None               void
 Registers used:
		wreg, fsr2l, fsr2h, status,2, status,0, cstack
 Tracked objects:
		On entry : 
		On exit  : 
		Unchanged: 
 Data sizes:     COMRAM   BANK0   BANK1   BANK2   BANK3   BANK4   BANK5   BANK6   BANK7   BANK8   BANK9  BANK10  BANK11  BANK12  BANK13  BANK14  BANK15
      Params:         4       0       0       0       0       0       0       0       0       0       0       0       0       0       0       0       0
      Locals:         1       0       0       0       0       0       0       0       0       0       0       0       0       0       0       0       0
      Temps:          1       0       0       0       0       0       0       0       0       0       0       0       0       0       0       0       0
      Totals:         6       0       0       0       0       0       0       0       0       0       0       0       0       0       0       0       0
Total ram usage:        6 bytes
 Hardware stack levels used:    1
 Hardware stack levels required when called:    1
 This function calls:
		_SPI_Write
 This function is called by:
		_NRF24L01_Init
		_NRF24L01_SendData
 This function uses a non-reentrant model


 *************** function _SPI_Write *****************
 Defined at:
		line 44 in file "spi_pic18f.c"
 Parameters:    Size  Location     Type
  data            1    0[COMRAM] unsigned char 
 Auto vars:     Size  Location     Type
		None
 Return value:  Size  Location     Type
		None               void
 Registers used:
		None
 Tracked objects:
		On entry : 
		On exit  : 
		Unchanged: 
 Data sizes:     COMRAM   BANK0   BANK1   BANK2   BANK3   BANK4   BANK5   BANK6   BANK7   BANK8   BANK9  BANK10  BANK11  BANK12  BANK13  BANK14  BANK15
      Params:         1       0       0       0       0       0       0       0       0       0       0       0       0       0       0       0       0
      Locals:         0       0       0       0       0       0       0       0       0       0       0       0       0       0       0       0       0
      Temps:          0       0       0       0       0       0       0       0       0       0       0       0       0       0       0       0       0
      Totals:         1       0       0       0       0       0       0       0       0       0       0       0       0       0       0       0       0
Total ram usage:        1 bytes
 Hardware stack levels used:    1
 This function calls:
		Nothing
 This function is called by:
		_NRF24L01_WriteRegister
		_NRF24L01_WriteBuffer
		_NRF24L01_Flush
		_NRF24L01_ReadRegister
		_NRF24L01_ReadBuffer
 This function uses a non-reentrant model


 *************** function _Delay_ms *****************
 Defined at:
		line 10 in file "time_delay.c"
 Parameters:    Size  Location     Type
  count           2    0[COMRAM] unsigned int 
 Auto vars:     Size  Location     Type
  i               2    2[COMRAM] unsigned int 
 Return value:  Size  Location     Type
		None               void
 Registers used:
		wreg, status,2, status,0
 Tracked objects:
		On entry : 
		On exit  : 
		Unchanged: 
 Data sizes:     COMRAM   BANK0   BANK1   BANK2   BANK3   BANK4   BANK5   BANK6   BANK7   BANK8   BANK9  BANK10  BANK11  BANK12  BANK13  BANK14  BANK15
      Params:         2       0       0       0       0       0       0       0       0       0       0       0       0       0       0       0       0
      Locals:         2       0       0       0       0       0       0       0       0       0       0       0       0       0       0       0       0
      Temps:          0       0       0       0       0       0       0       0       0       0       0       0       0       0       0       0       0
      Totals:         4       0       0       0       0       0       0       0       0       0       0       0       0       0       0       0       0
Total ram usage:        4 bytes
 Hardware stack levels used:    1
 This function calls:
		Nothing
 This function is called by:
		_main
		_NRF24L01_Init
		_NRF24L01_SendData
		_NRF24L01_StandbyI
 This function uses a non-reentrant model


 *************** function _SPI_Init *****************
 Defined at:
		line 17 in file "spi_pic18f.c"
 Parameters:    Size  Location     Type
		None
 Auto vars:     Size  Location     Type
		None
 Return value:  Size  Location     Type
		None               void
 Registers used:
		wreg, status,2
 Tracked objects:
		On entry : 
		On exit  : 
		Unchanged: 
 Data sizes:     COMRAM   BANK0   BANK1   BANK2   BANK3   BANK4   BANK5   BANK6   BANK7   BANK8   BANK9  BANK10  BANK11  BANK12  BANK13  BANK14  BANK15
      Params:         0       0       0       0       0       0       0       0       0       0       0       0       0       0       0       0       0
      Locals:         0       0       0       0       0       0       0       0       0       0       0       0       0       0       0       0       0
      Temps:          0       0       0       0       0       0       0       0       0       0       0       0       0       0       0       0       0
      Totals:         0       0       0       0       0       0       0       0       0       0       0       0       0       0       0       0       0
Total ram usage:        0 bytes
 Hardware stack levels used:    1
 This function calls:
		Nothing
 This function is called by:
		_main
 This function uses a non-reentrant model


 *************** function _SPI_Close *****************
 Defined at:
		line 40 in file "spi_pic18f.c"
 Parameters:    Size  Location     Type
		None
 Auto vars:     Size  Location     Type
		None
 Return value:  Size  Location     Type
		None               void
 Registers used:
		status,2, status,0
 Tracked objects:
		On entry : 
		On exit  : 
		Unchanged: 
 Data sizes:     COMRAM   BANK0   BANK1   BANK2   BANK3   BANK4   BANK5   BANK6   BANK7   BANK8   BANK9  BANK10  BANK11  BANK12  BANK13  BANK14  BANK15
      Params:         0       0       0       0       0       0       0       0       0       0       0       0       0       0       0       0       0
      Locals:         0       0       0       0       0       0       0       0       0       0       0       0       0       0       0       0       0
      Temps:          0       0       0       0       0       0       0       0       0       0       0       0       0       0       0       0       0
      Totals:         0       0       0       0       0       0       0       0       0       0       0       0       0       0       0       0       0
Total ram usage:        0 bytes
 Hardware stack levels used:    1
 This function calls:
		Nothing
 This function is called by:
		_main
 This function uses a non-reentrant model


 *************** function _ADC_Init *****************
 Defined at:
		line 37 in file "adc.c"
 Parameters:    Size  Location     Type
		None
 Auto vars:     Size  Location     Type
		None
 Return value:  Size  Location     Type
		None               void
 Registers used:
		wreg, status,2
 Tracked objects:
		On entry : 
		On exit  : 
		Unchanged: 
 Data sizes:     COMRAM   BANK0   BANK1   BANK2   BANK3   BANK4   BANK5   BANK6   BANK7   BANK8   BANK9  BANK10  BANK11  BANK12  BANK13  BANK14  BANK15
      Params:         0       0       0       0       0       0       0       0       0       0       0       0       0       0       0       0       0
      Locals:         0       0       0       0       0       0       0       0       0       0       0       0       0       0       0       0       0
      Temps:          0       0       0       0       0       0       0       0       0       0       0       0       0       0       0       0       0
      Totals:         0       0       0       0       0       0       0       0       0       0       0       0       0       0       0       0       0
Total ram usage:        0 bytes
 Hardware stack levels used:    1
 This function calls:
		Nothing
 This function is called by:
		_main
 This function uses a non-reentrant model


 *************** function _UART_String *****************
 Defined at:
		line 46 in file "uart.c"
 Parameters:    Size  Location     Type
  _string         2    1[COMRAM] PTR unsigned char 
		 -> print_adc@buffer(32), compare@buffer(40), main@bufferTmp(32), STR_1(35), 
 Auto vars:     Size  Location     Type
		None
 Return value:  Size  Location     Type
		None               void
 Registers used:
		wreg, fsr0l, fsr0h, status,2, status,0, tblptrl, tblptrh, tblptru, cstack
 Tracked objects:
		On entry : 
		On exit  : 
		Unchanged: 
 Data sizes:     COMRAM   BANK0   BANK1   BANK2   BANK3   BANK4   BANK5   BANK6   BANK7   BANK8   BANK9  BANK10  BANK11  BANK12  BANK13  BANK14  BANK15
      Params:         2       0       0       0       0       0       0       0       0       0       0       0       0       0       0       0       0
      Locals:         0       0       0       0       0       0       0       0       0       0       0       0       0       0       0       0       0
      Temps:          0       0       0       0       0       0       0       0       0       0       0       0       0       0       0       0       0
      Totals:         2       0       0       0       0       0       0       0       0       0       0       0       0       0       0       0       0
Total ram usage:        2 bytes
 Hardware stack levels used:    1
 Hardware stack levels required when called:    1
 This function calls:
		_UARTPutChar
 This function is called by:
		_main
		_compare
		_print_adc
 This function uses a non-reentrant model


 *************** function _UARTPutChar *****************
 Defined at:
		line 38 in file "uart.c"
 Parameters:    Size  Location     Type
  Dato            1    0[COMRAM] unsigned char 
 Auto vars:     Size  Location     Type
		None
 Return value:  Size  Location     Type
		None               void
 Registers used:
		None
 Tracked objects:
		On entry : 
		On exit  : 
		Unchanged: 
 Data sizes:     COMRAM   BANK0   BANK1   BANK2   BANK3   BANK4   BANK5   BANK6   BANK7   BANK8   BANK9  BANK10  BANK11  BANK12  BANK13  BANK14  BANK15
      Params:         1       0       0       0       0       0       0       0       0       0       0       0       0       0       0       0       0
      Locals:         0       0       0       0       0       0       0       0       0       0       0       0       0       0       0       0       0
      Temps:          0       0       0       0       0       0       0       0       0       0       0       0       0       0       0       0       0
      Totals:         1       0       0       0       0       0       0       0       0       0       0       0       0       0       0       0       0
Total ram usage:        1 bytes
 Hardware stack levels used:    1
 This function calls:
		Nothing
 This function is called by:
		_UART_String
 This function uses a non-reentrant model


 *************** function _UARTInit *****************
 Defined at:
		line 12 in file "uart.c"
 Parameters:    Size  Location     Type
		None
 Auto vars:     Size  Location     Type
		None
 Return value:  Size  Location     Type
		None               void
 Registers used:
		wreg, status,2
 Tracked objects:
		On entry : 
		On exit  : 
		Unchanged: 
 Data sizes:     COMRAM   BANK0   BANK1   BANK2   BANK3   BANK4   BANK5   BANK6   BANK7   BANK8   BANK9  BANK10  BANK11  BANK12  BANK13  BANK14  BANK15
      Params:         0       0       0       0       0       0       0       0       0       0       0       0       0       0       0       0       0
      Locals:         0       0       0       0       0       0       0       0       0       0       0       0       0       0       0       0       0
      Temps:          0       0       0       0       0       0       0       0       0       0       0       0       0       0       0       0       0
      Totals:         0       0       0       0       0       0       0       0       0       0       0       0       0       0       0       0       0
Total ram usage:        0 bytes
 Hardware stack levels used:    1
 This function calls:
		Nothing
 This function is called by:
		_main
 This function uses a non-reentrant model



MODULE INFORMATION

Module		Function		Class		Link	Load	Size
spi_pic18f.c
		_SPI_Close     		CODE           	184A	0000	4
		_SPI_Write     		CODE           	181C	0000	14
		_SPI_Init      		CODE           	17E4	0000	20

spi_pic18f.c estimated size: 38

nrf24l01.c
		_NRF24L01_Write		CODE           	17CC	0000	24
		_NRF24L01_SetMo		CODE           	1538	0000	90
		_NRF24L01_SetCh		CODE           	17F8	0000	18
		_NRF24L01_Init 		CODE           	142A	0000	270
		_NRF24L01_SendD		CODE           	16C0	0000	58
		_NRF24L01_Flush		CODE           	17AA	0000	34
		_NRF24L01_Write		CODE           	16FA	0000	54

nrf24l01.c estimated size: 548

uart.c
		_UARTInit      		CODE           	180A	0000	18
		_UART_String   		CODE           	1592	0000	88
		_UARTPutChar   		CODE           	1838	0000	12

uart.c estimated size: 118

/opt/microchip/xc8/v1.21/sources/common/isdigit.c
		_isdigit       		CODE           	1762	0000	36

/opt/microchip/xc8/v1.21/sources/common/isdigit.c estimated size: 36

/opt/microchip/xc8/v1.21/sources/common/lwmod.c
		___lwmod       		CODE           	1640	0000	70

/opt/microchip/xc8/v1.21/sources/common/lwmod.c estimated size: 70

/opt/microchip/xc8/v1.21/sources/common/lwdiv.c
		___lwdiv       		CODE           	15EA	0000	86

/opt/microchip/xc8/v1.21/sources/common/lwdiv.c estimated size: 86

adc.c
		_ADC_Init      		CODE           	182A	0000	14

adc.c estimated size: 14

shared
		__stringdata   		SMALLCONST     	100A	0000	60
		_dpowers       		SMALLCONST     	1000	0000	10
		__initializatio		CODE           	1730	0000	44

shared estimated size: 114

main.c
		_main          		CODE           	130A	0000	288

main.c estimated size: 288

/opt/microchip/xc8/v1.21/sources/common/doprnt.c
		_sprintf       		CODE           	1048	0000	706

/opt/microchip/xc8/v1.21/sources/common/doprnt.c estimated size: 706

time_delay.c
		_Delay_ms      		CODE           	1786	0000	36

time_delay.c estimated size: 36

/opt/microchip/xc8/v1.21/sources/common/wmul.c
		___wmul        		CODE           	1686	0000	58

/opt/microchip/xc8/v1.21/sources/common/wmul.c estimated size: 58

